Archive member included to satisfy reference by file (symbol)

d:/program files/microchip/xc32/v4.30/bin/bin/../../lib/gcc/pic32c/8.3.1/../../../../pic32c/lib/thumb/v7e-m+fp/hard\libpic32c.a(data_init.o)
                              build/sam_e51_cnano/debug/_ext/570918426/startup_xc32.o (__pic32c_data_initialization)
d:/program files/microchip/xc32/v4.30/bin/bin/../../lib/gcc/pic32c/8.3.1/../../../../pic32c/lib/thumb/v7e-m+fp/hard\libg-musl.a(__libc_start_main.o)
                              build/sam_e51_cnano/debug/_ext/570918426/startup_xc32.o (__libc_init_array)
d:/program files/microchip/xc32/v4.30/bin/bin/../../lib/gcc/pic32c/8.3.1/../../../../pic32c/lib/thumb/v7e-m+fp/hard\libg-musl.a(libc.o)
                              d:/program files/microchip/xc32/v4.30/bin/bin/../../lib/gcc/pic32c/8.3.1/../../../../pic32c/lib/thumb/v7e-m+fp/hard\libg-musl.a(__libc_start_main.o) (__progname_full)
d:/program files/microchip/xc32/v4.30/bin/bin/../../lib/gcc/pic32c/8.3.1/../../../../pic32c/lib/thumb/v7e-m+fp/hard\libg-musl.a(__sio_snprintf_cdnpsxX.o)
                              (_snprintf_cdnpsxX)
d:/program files/microchip/xc32/v4.30/bin/bin/../../lib/gcc/pic32c/8.3.1/../../../../pic32c/lib/thumb/v7e-m+fp/hard\libg-musl.a(__fmt_d.o)
                              d:/program files/microchip/xc32/v4.30/bin/bin/../../lib/gcc/pic32c/8.3.1/../../../../pic32c/lib/thumb/v7e-m+fp/hard\libg-musl.a(__sio_snprintf_cdnpsxX.o) (__fmt_d_needed)
d:/program files/microchip/xc32/v4.30/bin/bin/../../lib/gcc/pic32c/8.3.1/../../../../pic32c/lib/thumb/v7e-m+fp/hard\libg-musl.a(__fmt_s.o)
                              d:/program files/microchip/xc32/v4.30/bin/bin/../../lib/gcc/pic32c/8.3.1/../../../../pic32c/lib/thumb/v7e-m+fp/hard\libg-musl.a(__sio_snprintf_cdnpsxX.o) (__fmt_s_needed)
d:/program files/microchip/xc32/v4.30/bin/bin/../../lib/gcc/pic32c/8.3.1/../../../../pic32c/lib/thumb/v7e-m+fp/hard\libg-musl.a(__fmt_x.o)
                              d:/program files/microchip/xc32/v4.30/bin/bin/../../lib/gcc/pic32c/8.3.1/../../../../pic32c/lib/thumb/v7e-m+fp/hard\libg-musl.a(__sio_snprintf_cdnpsxX.o) (__fmt_x_needed)
d:/program files/microchip/xc32/v4.30/bin/bin/../../lib/gcc/pic32c/8.3.1/../../../../pic32c/lib/thumb/v7e-m+fp/hard\libg-musl.a(__pop_int.o)
                              d:/program files/microchip/xc32/v4.30/bin/bin/../../lib/gcc/pic32c/8.3.1/../../../../pic32c/lib/thumb/v7e-m+fp/hard\libg-musl.a(__sio_snprintf_cdnpsxX.o) (__pop_int_needed)
d:/program files/microchip/xc32/v4.30/bin/bin/../../lib/gcc/pic32c/8.3.1/../../../../pic32c/lib/thumb/v7e-m+fp/hard\libg-musl.a(__pop_ptr.o)
                              d:/program files/microchip/xc32/v4.30/bin/bin/../../lib/gcc/pic32c/8.3.1/../../../../pic32c/lib/thumb/v7e-m+fp/hard\libg-musl.a(__sio_snprintf_cdnpsxX.o) (__pop_ptr_needed)
d:/program files/microchip/xc32/v4.30/bin/bin/../../lib/gcc/pic32c/8.3.1/../../../../pic32c/lib/thumb/v7e-m+fp/hard\libg-musl.a(__printf_core.o)
                              d:/program files/microchip/xc32/v4.30/bin/bin/../../lib/gcc/pic32c/8.3.1/../../../../pic32c/lib/thumb/v7e-m+fp/hard\libg-musl.a(__fmt_d.o) (__pad)
d:/program files/microchip/xc32/v4.30/bin/bin/../../lib/gcc/pic32c/8.3.1/../../../../pic32c/lib/thumb/v7e-m+fp/hard\libg-musl.a(atoi.o)
                              d:/program files/microchip/xc32/v4.30/bin/bin/../../lib/gcc/pic32c/8.3.1/../../../../pic32c/lib/thumb/v7e-m+fp/hard\libg-musl.a(__printf_core.o) (atoi)
d:/program files/microchip/xc32/v4.30/bin/bin/../../lib/gcc/pic32c/8.3.1/../../../../pic32c/lib/thumb/v7e-m+fp/hard\libg-musl.a(memcpy.o)
                              build/sam_e51_cnano/debug/_ext/226030394/plib_nvmctrl.o (memcpy)
d:/program files/microchip/xc32/v4.30/bin/bin/../../lib/gcc/pic32c/8.3.1/../../../../pic32c/lib/thumb/v7e-m+fp/hard\libg-musl.a(memset.o)
                              d:/program files/microchip/xc32/v4.30/bin/bin/../../lib/gcc/pic32c/8.3.1/../../../../pic32c/lib/thumb/v7e-m+fp/hard\libg-musl.a(__printf_core.o) (memset)
d:/program files/microchip/xc32/v4.30/bin/bin/../../lib/gcc/pic32c/8.3.1/../../../../pic32c/lib/thumb/v7e-m+fp/hard\libg-musl.a(strlen.o)
                              build/sam_e51_cnano/debug/_ext/1360937237/main.o (strlen)
d:/program files/microchip/xc32/v4.30/bin/bin/../../lib/gcc/pic32c/8.3.1/../../../../pic32c/lib/thumb/v7e-m+fp/hard\libg-musl.a(tolower.o)
                              d:/program files/microchip/xc32/v4.30/bin/bin/../../lib/gcc/pic32c/8.3.1/../../../../pic32c/lib/thumb/v7e-m+fp/hard\libg-musl.a(__printf_core.o) (tolower)
d:/program files/microchip/xc32/v4.30/bin/bin/../../lib/gcc/pic32c/8.3.1/../../../../pic32c/lib/thumb/v7e-m+fp/hard\libg-musl.a(toupper.o)
                              d:/program files/microchip/xc32/v4.30/bin/bin/../../lib/gcc/pic32c/8.3.1/../../../../pic32c/lib/thumb/v7e-m+fp/hard\libg-musl.a(__fmt_x.o) (toupper)
[...]
Memory Configuration

Name             Origin             Length             Attributes
rom              0x00000000         0x00100000         xrl
ram              0x20000000         0x00040000         xw !r
tcm              0x03000000         0x00000000         xw
config_00804000  0x00804000         0x00000004
config_00804008  0x00804008         0x00000004
config_00804004  0x00804004         0x00000004
*default*        0x00000000         0xffffffff

Linker script and memory map

LOAD d:/program files/microchip/xc32/v4.30/bin/bin/../../lib/gcc/pic32c/8.3.1/thumb/v7e-m+fp/hard/crti.o
LOAD d:/program files/microchip/xc32/v4.30/bin/bin/../../lib/gcc/pic32c/8.3.1/thumb/v7e-m+fp/hard/crtbegin.o
LOAD build/sam_e51_cnano/debug/_ext/7187140/plib_clock.o
LOAD build/sam_e51_cnano/debug/_ext/831051564/plib_cmcc.o
LOAD build/sam_e51_cnano/debug/_ext/831021835/plib_dmac.o
LOAD build/sam_e51_cnano/debug/_ext/1220119669/plib_eic.o
LOAD build/sam_e51_cnano/debug/_ext/9336626/plib_evsys.o
LOAD build/sam_e51_cnano/debug/_ext/830715028/plib_nvic.o
LOAD build/sam_e51_cnano/debug/_ext/226030394/plib_nvmctrl.o
LOAD build/sam_e51_cnano/debug/_ext/830661877/plib_port.o
LOAD build/sam_e51_cnano/debug/_ext/1220132503/plib_rtc_timer.o
LOAD build/sam_e51_cnano/debug/_ext/314480351/plib_sercom5_usart.o
LOAD build/sam_e51_cnano/debug/_ext/865175840/xc32_monitor.o
LOAD build/sam_e51_cnano/debug/_ext/570918426/initialization.o
LOAD build/sam_e51_cnano/debug/_ext/570918426/interrupts.o
LOAD build/sam_e51_cnano/debug/_ext/570918426/exceptions.o
LOAD build/sam_e51_cnano/debug/_ext/570918426/startup_xc32.o
LOAD build/sam_e51_cnano/debug/_ext/570918426/libc_syscalls.o
LOAD build/sam_e51_cnano/debug/_ext/1360937237/main.o
LOAD build/sam_e51_cnano/debug/_ext/1360937237/asmFunc.o
                0x00000001                __MPLAB_BUILD = 0x1
                0x00100000                __rom_end = (ORIGIN (rom) + LENGTH (rom))
                0x20040000                __ram_end = (ORIGIN (ram) + LENGTH (ram))

.config_00804000
 *(.config_00804000)

.config_00804008
 *(.config_00804008)

.config_00804004
 *(.config_00804004)

.vectors        0x00000000      0x260
                0x00000000                . = ALIGN (0x4)
                0x00000000                _sfixed = .
 *(.vectors .vectors.* .vectors_default .vectors_default.*)
 .vectors.exception_table
                0x00000000      0x260 build/sam_e51_cnano/debug/_ext/570918426/interrupts.o
                0x00000000                exception_table
 *(.isr_vector)
 *(.reset*)
 *(.after_vectors)

.text           0x00000260       0x20
                0x00000260                . = ALIGN (0x4)
 *(.glue_7t)
 .glue_7t       0x00000260        0x0 linker stubs
 *(.glue_7)
 .glue_7        0x00000260        0x0 linker stubs
 *(.gnu.linkonce.r.*)
 *(.ARM.extab* .gnu.linkonce.armextab.*)
                0x00000260                . = ALIGN (0x4)
 *(.init)
 .init          0x00000260        0x4 d:/program files/microchip/xc32/v4.30/bin/bin/../../lib/gcc/pic32c/8.3.1/thumb/v7e-m+fp/hard/crti.o
                0x00000260                _init
 .init          0x00000264        0x8 d:/program files/microchip/xc32/v4.30/bin/bin/../../lib/gcc/pic32c/8.3.1/thumb/v7e-m+fp/hard/crtn.o
                0x0000026c                . = ALIGN (0x4)
                0x0000026c                __preinit_array_start = .
 *(.preinit_array)
                0x0000026c                __preinit_array_end = .
                0x0000026c                . = ALIGN (0x4)
                0x0000026c                __init_array_start = .
 *(SORT_BY_NAME(.init_array.*))
 *(.init_array)
 .init_array    0x0000026c        0x4 d:/program files/microchip/xc32/v4.30/bin/bin/../../lib/gcc/pic32c/8.3.1/thumb/v7e-m+fp/hard/crtbegin.o
                0x00000270                __init_array_end = .
                0x00000270                . = ALIGN (0x4)
 *crtbegin.o(.ctors)
 *(EXCLUDE_FILE(*crtend.o) .ctors)
 *(SORT_BY_NAME(.ctors.*))
 *crtend.o(.ctors)
                0x00000270                . = ALIGN (0x4)
 *(.fini)
 .fini          0x00000270        0x4 d:/program files/microchip/xc32/v4.30/bin/bin/../../lib/gcc/pic32c/8.3.1/thumb/v7e-m+fp/hard/crti.o
                0x00000270                _fini
 .fini          0x00000274        0x8 d:/program files/microchip/xc32/v4.30/bin/bin/../../lib/gcc/pic32c/8.3.1/thumb/v7e-m+fp/hard/crtn.o
                0x0000027c                . = ALIGN (0x4)
                0x0000027c                __fini_array_start = .
 *(.fini_array)
 .fini_array    0x0000027c        0x4 d:/program files/microchip/xc32/v4.30/bin/bin/../../lib/gcc/pic32c/8.3.1/thumb/v7e-m+fp/hard/crtbegin.o
 *(SORT_BY_NAME(.fini_array.*))
                0x00000280                __fini_array_end = .
 *crtbegin.o(.dtors)
 *(EXCLUDE_FILE(*crtend.o) .dtors)
 *(SORT_BY_NAME(.dtors.*))
 *crtend.o(.dtors)
                0x00000280                . = ALIGN (0x4)
                0x00000280                _efixed = .
                [!provide]                PROVIDE (__exidx_start = .)

.ARM.exidx      0x00000280        0x8
 *(.ARM.exidx* .gnu.linkonce.armexidx.*)
 .ARM.exidx     0x00000280        0x8 d:/program files/microchip/xc32/v4.30/bin/bin/../../lib/gcc/pic32c/8.3.1/thumb/v7e-m+fp/hard\libgcc.a(_udivmoddi4.o)
                [!provide]                PROVIDE (__exidx_end = .)
                0x00000288                . = ALIGN (0x4)
                0x00000288                _etext = .

.bss            0x20000000       0x10
                0x20000000                . = ALIGN (0x4)
                0x20000000                __bss_start__ = .
                0x20000000                _sbss = .
                0x20000000                _szero = .
 *(COMMON)
 COMMON         0x20000000       0x10 build/sam_e51_cnano/debug/_ext/831021835/plib_dmac.o
                0x20000000                dmacChannelObj
                0x20000010                . = ALIGN (0x4)
                0x20000010                __bss_end__ = .
                0x20000010                _ebss = .
                0x20000010                _ezero = .
                0x20000010                . = ALIGN (0x4)
                0x20000010                _end = .
                0x2003ffff                _ram_end_ = ((ORIGIN (ram) + LENGTH (ram)) - 0x1)
                0x00000001                __ICD2RAM = 0x1
                0x00000001                __MPLAB_DEBUG = 0x1
                0x00000001                __DEBUG = 0x1
                0x00000200                _min_heap_size = 0x200
START GROUP
LOAD d:/program files/microchip/xc32/v4.30/bin/bin/../../lib/gcc/pic32c/8.3.1/../../../../pic32c/lib/thumb/v7e-m+fp/hard\libpic32c.a
LOAD d:/program files/microchip/xc32/v4.30/bin/bin/../../lib/gcc/pic32c/8.3.1/../../../../pic32c/lib/thumb/v7e-m+fp/hard\libm-fast-emfloat.a
LOAD d:/program files/microchip/xc32/v4.30/bin/bin/../../lib/gcc/pic32c/8.3.1/../../../../pic32c/lib/thumb/v7e-m+fp/hard\libg-musl.a
LOAD d:/program files/microchip/xc32/v4.30/bin/bin/../../lib/gcc/pic32c/8.3.1/../../../../pic32c/lib/thumb/v7e-m+fp/hard\libc-musl.a
LOAD d:/program files/microchip/xc32/v4.30/bin/bin/../../lib/gcc/pic32c/8.3.1/../../../../pic32c/lib/thumb/v7e-m+fp/hard\libm-fast-emfloat.a
LOAD d:/program files/microchip/xc32/v4.30/bin/bin/../../lib/gcc/pic32c/8.3.1/thumb/v7e-m+fp/hard\libgcc.a
END GROUP
LOAD d:/program files/microchip/xc32/v4.30/bin/bin/../../lib/gcc/pic32c/8.3.1/thumb/v7e-m+fp/hard/crtend.o
LOAD d:/program files/microchip/xc32/v4.30/bin/bin/../../lib/gcc/pic32c/8.3.1/thumb/v7e-m+fp/hard/crtn.o
OUTPUT(dist/sam_e51_cnano/debug/Lab-04-starter.X.debug.elf elf32-littlearm)
LOAD data_init
LOAD stack

.ARM.attributes
                0x00000000       0x32
 .ARM.attributes
                0x00000000       0x1e d:/program files/microchip/xc32/v4.30/bin/bin/../../lib/gcc/pic32c/8.3.1/thumb/v7e-m+fp/hard/crti.o
 .ARM.attributes
                0x0000001e       0x34 d:/program files/microchip/xc32/v4.30/bin/bin/../../lib/gcc/pic32c/8.3.1/thumb/v7e-m+fp/hard/crtbegin.o
 .ARM.attributes
                0x00000052       0x34 build/sam_e51_cnano/debug/_ext/7187140/plib_clock.o
 .ARM.attributes
                0x00000086       0x34 build/sam_e51_cnano/debug/_ext/831021835/plib_dmac.o
 .ARM.attributes
                0x000000ba       0x34 build/sam_e51_cnano/debug/_ext/1220119669/plib_eic.o
 .ARM.attributes
                0x000000ee       0x34 build/sam_e51_cnano/debug/_ext/9336626/plib_evsys.o
 .ARM.attributes
                0x00000122       0x34 build/sam_e51_cnano/debug/_ext/830715028/plib_nvic.o
 .ARM.attributes
                0x00000156       0x34 build/sam_e51_cnano/debug/_ext/226030394/plib_nvmctrl.o
 .ARM.attributes
                0x0000018a       0x34 build/sam_e51_cnano/debug/_ext/830661877/plib_port.o
 .ARM.attributes
                0x000001be       0x34 build/sam_e51_cnano/debug/_ext/1220132503/plib_rtc_timer.o
 .ARM.attributes
                0x000001f2       0x34 build/sam_e51_cnano/debug/_ext/314480351/plib_sercom5_usart.o
 .ARM.attributes
                0x00000226       0x34 build/sam_e51_cnano/debug/_ext/570918426/initialization.o
 .ARM.attributes
                0x0000025a       0x34 build/sam_e51_cnano/debug/_ext/570918426/interrupts.o
 .ARM.attributes
                0x0000028e       0x34 build/sam_e51_cnano/debug/_ext/570918426/exceptions.o
 .ARM.attributes
                0x000002c2       0x34 build/sam_e51_cnano/debug/_ext/570918426/startup_xc32.o
 .ARM.attributes
                0x000002f6       0x34 build/sam_e51_cnano/debug/_ext/1360937237/main.o
 .ARM.attributes
                0x0000032a       0x20 build/sam_e51_cnano/debug/_ext/1360937237/asmFunc.o
 .ARM.attributes
                0x0000034a       0x34 d:/program files/microchip/xc32/v4.30/bin/bin/../../lib/gcc/pic32c/8.3.1/../../../../pic32c/lib/thumb/v7e-m+fp/hard\libpic32c.a(data_init.o)
 .ARM.attributes
                0x0000037e       0x36 d:/program files/microchip/xc32/v4.30/bin/bin/../../lib/gcc/pic32c/8.3.1/../../../../pic32c/lib/thumb/v7e-m+fp/hard\libg-musl.a(__libc_start_main.o)
 .ARM.attributes
                0x000003b4       0x34 d:/program files/microchip/xc32/v4.30/bin/bin/../../lib/gcc/pic32c/8.3.1/../../../../pic32c/lib/thumb/v7e-m+fp/hard\libg-musl.a(libc.o)
 .ARM.attributes
                0x000003e8       0x36 d:/program files/microchip/xc32/v4.30/bin/bin/../../lib/gcc/pic32c/8.3.1/../../../../pic32c/lib/thumb/v7e-m+fp/hard\libg-musl.a(__sio_snprintf_cdnpsxX.o)
 .ARM.attributes
                0x0000041e       0x36 d:/program files/microchip/xc32/v4.30/bin/bin/../../lib/gcc/pic32c/8.3.1/../../../../pic32c/lib/thumb/v7e-m+fp/hard\libg-musl.a(__fmt_d.o)
 .ARM.attributes
                0x00000454       0x36 d:/program files/microchip/xc32/v4.30/bin/bin/../../lib/gcc/pic32c/8.3.1/../../../../pic32c/lib/thumb/v7e-m+fp/hard\libg-musl.a(__fmt_s.o)
 .ARM.attributes
                0x0000048a       0x36 d:/program files/microchip/xc32/v4.30/bin/bin/../../lib/gcc/pic32c/8.3.1/../../../../pic32c/lib/thumb/v7e-m+fp/hard\libg-musl.a(__fmt_x.o)
 .ARM.attributes
                0x000004c0       0x36 d:/program files/microchip/xc32/v4.30/bin/bin/../../lib/gcc/pic32c/8.3.1/../../../../pic32c/lib/thumb/v7e-m+fp/hard\libg-musl.a(__pop_int.o)
 .ARM.attributes
                0x000004f6       0x36 d:/program files/microchip/xc32/v4.30/bin/bin/../../lib/gcc/pic32c/8.3.1/../../../../pic32c/lib/thumb/v7e-m+fp/hard\libg-musl.a(__pop_ptr.o)
 .ARM.attributes
                0x0000052c       0x36 d:/program files/microchip/xc32/v4.30/bin/bin/../../lib/gcc/pic32c/8.3.1/../../../../pic32c/lib/thumb/v7e-m+fp/hard\libg-musl.a(__printf_core.o)
 .ARM.attributes
                0x00000562       0x36 d:/program files/microchip/xc32/v4.30/bin/bin/../../lib/gcc/pic32c/8.3.1/../../../../pic32c/lib/thumb/v7e-m+fp/hard\libg-musl.a(atoi.o)
 .ARM.attributes
                0x00000598       0x36 d:/program files/microchip/xc32/v4.30/bin/bin/../../lib/gcc/pic32c/8.3.1/../../../../pic32c/lib/thumb/v7e-m+fp/hard\libg-musl.a(memcpy.o)
 .ARM.attributes
                0x000005ce       0x36 d:/program files/microchip/xc32/v4.30/bin/bin/../../lib/gcc/pic32c/8.3.1/../../../../pic32c/lib/thumb/v7e-m+fp/hard\libg-musl.a(memset.o)
 .ARM.attributes
                0x00000604       0x36 d:/program files/microchip/xc32/v4.30/bin/bin/../../lib/gcc/pic32c/8.3.1/../../../../pic32c/lib/thumb/v7e-m+fp/hard\libg-musl.a(strlen.o)
 .ARM.attributes
                0x0000063a       0x36 d:/program files/microchip/xc32/v4.30/bin/bin/../../lib/gcc/pic32c/8.3.1/../../../../pic32c/lib/thumb/v7e-m+fp/hard\libg-musl.a(tolower.o)
 .ARM.attributes
                0x00000670       0x36 d:/program files/microchip/xc32/v4.30/bin/bin/../../lib/gcc/pic32c/8.3.1/../../../../pic32c/lib/thumb/v7e-m+fp/hard\libg-musl.a(toupper.o)
 .ARM.attributes
                0x000006a6       0x34 d:/program files/microchip/xc32/v4.30/bin/bin/../../lib/gcc/pic32c/8.3.1/../../../../pic32c/lib/thumb/v7e-m+fp/hard\libg-musl.a(__environ.o)
 .ARM.attributes
                0x000006da       0x34 d:/program files/microchip/xc32/v4.30/bin/bin/../../lib/gcc/pic32c/8.3.1/../../../../pic32c/lib/thumb/v7e-m+fp/hard\libg-musl.a(__errno_location.o)
 .ARM.attributes
                0x0000070e       0x36 d:/program files/microchip/xc32/v4.30/bin/bin/../../lib/gcc/pic32c/8.3.1/../../../../pic32c/lib/thumb/v7e-m+fp/hard\libg-musl.a(__int_vsnprintf.o)
 .ARM.attributes
                0x00000744       0x36 d:/program files/microchip/xc32/v4.30/bin/bin/../../lib/gcc/pic32c/8.3.1/../../../../pic32c/lib/thumb/v7e-m+fp/hard\libg-musl.a(__cvt_u.o)
 .ARM.attributes
                0x0000077a       0x36 d:/program files/microchip/xc32/v4.30/bin/bin/../../lib/gcc/pic32c/8.3.1/../../../../pic32c/lib/thumb/v7e-m+fp/hard\libg-musl.a(__pop_float.o)
 .ARM.attributes
                0x000007b0       0x36 d:/program files/microchip/xc32/v4.30/bin/bin/../../lib/gcc/pic32c/8.3.1/../../../../pic32c/lib/thumb/v7e-m+fp/hard\libg-musl.a(__int_vfprintf.o)
 .ARM.attributes
                0x000007e6       0x1e d:/program files/microchip/xc32/v4.30/bin/bin/../../lib/gcc/pic32c/8.3.1/thumb/v7e-m+fp/hard\libgcc.a(_aeabi_uldivmod.o)
 .ARM.attributes
                0x00000804       0x34 d:/program files/microchip/xc32/v4.30/bin/bin/../../lib/gcc/pic32c/8.3.1/thumb/v7e-m+fp/hard\libgcc.a(_udivmoddi4.o)
 .ARM.attributes
                0x00000838       0x1e d:/program files/microchip/xc32/v4.30/bin/bin/../../lib/gcc/pic32c/8.3.1/thumb/v7e-m+fp/hard\libgcc.a(_dvmd_tls.o)
 .ARM.attributes
                0x00000856       0x1e d:/program files/microchip/xc32/v4.30/bin/bin/../../lib/gcc/pic32c/8.3.1/thumb/v7e-m+fp/hard/crtn.o
 .ARM.attributes
                0x00000874       0x34 d:/program files/microchip/xc32/v4.30/bin/bin/../../lib/gcc/pic32c/8.3.1/../../../../pic32c/lib/thumb/v7e-m+fp/hard\libpic32c.a(pic32_data_init_clear.o)
 .ARM.attributes
                0x000008a8       0x34 d:/program files/microchip/xc32/v4.30/bin/bin/../../lib/gcc/pic32c/8.3.1/../../../../pic32c/lib/thumb/v7e-m+fp/hard\libpic32c.a(pic32_data_init_copy_emb.o)
 .ARM.attributes
                0x000008dc       0x34 d:/program files/microchip/xc32/v4.30/bin/bin/../../lib/gcc/pic32c/8.3.1/../../../../pic32c/lib/thumb/v7e-m+fp/hard\libpic32c.a(pic32_data_init_copy.o)

.comment        0x00000000       0x2b
 .comment       0x00000000       0x2b d:/program files/microchip/xc32/v4.30/bin/bin/../../lib/gcc/pic32c/8.3.1/thumb/v7e-m+fp/hard/crtbegin.o
                                 0x2c (size before relaxing)
 .comment       0x0000002b       0x2c build/sam_e51_cnano/debug/_ext/7187140/plib_clock.o
 .comment       0x0000002b       0x2c build/sam_e51_cnano/debug/_ext/831021835/plib_dmac.o
 .comment       0x0000002b       0x2c build/sam_e51_cnano/debug/_ext/1220119669/plib_eic.o
 .comment       0x0000002b       0x2c build/sam_e51_cnano/debug/_ext/9336626/plib_evsys.o
 .comment       0x0000002b       0x2c build/sam_e51_cnano/debug/_ext/830715028/plib_nvic.o
 .comment       0x0000002b       0x2c build/sam_e51_cnano/debug/_ext/226030394/plib_nvmctrl.o
 .comment       0x0000002b       0x2c build/sam_e51_cnano/debug/_ext/830661877/plib_port.o
 .comment       0x0000002b       0x2c build/sam_e51_cnano/debug/_ext/1220132503/plib_rtc_timer.o
 .comment       0x0000002b       0x2c build/sam_e51_cnano/debug/_ext/314480351/plib_sercom5_usart.o
 .comment       0x0000002b       0x2c build/sam_e51_cnano/debug/_ext/570918426/initialization.o
 .comment       0x0000002b       0x2c build/sam_e51_cnano/debug/_ext/570918426/interrupts.o
 .comment       0x0000002b       0x2c build/sam_e51_cnano/debug/_ext/570918426/exceptions.o
 .comment       0x0000002b       0x2c build/sam_e51_cnano/debug/_ext/570918426/startup_xc32.o
 .comment       0x0000002b       0x2c build/sam_e51_cnano/debug/_ext/1360937237/main.o
 .comment       0x0000002b       0x2c d:/program files/microchip/xc32/v4.30/bin/bin/../../lib/gcc/pic32c/8.3.1/../../../../pic32c/lib/thumb/v7e-m+fp/hard\libpic32c.a(data_init.o)
 .comment       0x0000002b       0x2c d:/program files/microchip/xc32/v4.30/bin/bin/../../lib/gcc/pic32c/8.3.1/../../../../pic32c/lib/thumb/v7e-m+fp/hard\libg-musl.a(__libc_start_main.o)
 .comment       0x0000002b       0x2c d:/program files/microchip/xc32/v4.30/bin/bin/../../lib/gcc/pic32c/8.3.1/../../../../pic32c/lib/thumb/v7e-m+fp/hard\libg-musl.a(libc.o)
 .comment       0x0000002b       0x2c d:/program files/microchip/xc32/v4.30/bin/bin/../../lib/gcc/pic32c/8.3.1/../../../../pic32c/lib/thumb/v7e-m+fp/hard\libg-musl.a(__sio_snprintf_cdnpsxX.o)
 .comment       0x0000002b       0x2c d:/program files/microchip/xc32/v4.30/bin/bin/../../lib/gcc/pic32c/8.3.1/../../../../pic32c/lib/thumb/v7e-m+fp/hard\libg-musl.a(__fmt_d.o)
 .comment       0x0000002b       0x2c d:/program files/microchip/xc32/v4.30/bin/bin/../../lib/gcc/pic32c/8.3.1/../../../../pic32c/lib/thumb/v7e-m+fp/hard\libg-musl.a(__fmt_s.o)
 .comment       0x0000002b       0x2c d:/program files/microchip/xc32/v4.30/bin/bin/../../lib/gcc/pic32c/8.3.1/../../../../pic32c/lib/thumb/v7e-m+fp/hard\libg-musl.a(__fmt_x.o)
 .comment       0x0000002b       0x2c d:/program files/microchip/xc32/v4.30/bin/bin/../../lib/gcc/pic32c/8.3.1/../../../../pic32c/lib/thumb/v7e-m+fp/hard\libg-musl.a(__pop_int.o)
 .comment       0x0000002b       0x2c d:/program files/microchip/xc32/v4.30/bin/bin/../../lib/gcc/pic32c/8.3.1/../../../../pic32c/lib/thumb/v7e-m+fp/hard\libg-musl.a(__pop_ptr.o)
 .comment       0x0000002b       0x2c d:/program files/microchip/xc32/v4.30/bin/bin/../../lib/gcc/pic32c/8.3.1/../../../../pic32c/lib/thumb/v7e-m+fp/hard\libg-musl.a(__printf_core.o)
 .comment       0x0000002b       0x2c d:/program files/microchip/xc32/v4.30/bin/bin/../../lib/gcc/pic32c/8.3.1/../../../../pic32c/lib/thumb/v7e-m+fp/hard\libg-musl.a(atoi.o)
 .comment       0x0000002b       0x2c d:/program files/microchip/xc32/v4.30/bin/bin/../../lib/gcc/pic32c/8.3.1/../../../../pic32c/lib/thumb/v7e-m+fp/hard\libg-musl.a(memcpy.o)
 .comment       0x0000002b       0x2c d:/program files/microchip/xc32/v4.30/bin/bin/../../lib/gcc/pic32c/8.3.1/../../../../pic32c/lib/thumb/v7e-m+fp/hard\libg-musl.a(memset.o)
 .comment       0x0000002b       0x2c d:/program files/microchip/xc32/v4.30/bin/bin/../../lib/gcc/pic32c/8.3.1/../../../../pic32c/lib/thumb/v7e-m+fp/hard\libg-musl.a(strlen.o)
 .comment       0x0000002b       0x2c d:/program files/microchip/xc32/v4.30/bin/bin/../../lib/gcc/pic32c/8.3.1/../../../../pic32c/lib/thumb/v7e-m+fp/hard\libg-musl.a(tolower.o)
 .comment       0x0000002b       0x2c d:/program files/microchip/xc32/v4.30/bin/bin/../../lib/gcc/pic32c/8.3.1/../../../../pic32c/lib/thumb/v7e-m+fp/hard\libg-musl.a(toupper.o)
 .comment       0x0000002b       0x2c d:/program files/microchip/xc32/v4.30/bin/bin/../../lib/gcc/pic32c/8.3.1/../../../../pic32c/lib/thumb/v7e-m+fp/hard\libg-musl.a(__environ.o)
 .comment       0x0000002b       0x2c d:/program files/microchip/xc32/v4.30/bin/bin/../../lib/gcc/pic32c/8.3.1/../../../../pic32c/lib/thumb/v7e-m+fp/hard\libg-musl.a(__errno_location.o)
 .comment       0x0000002b       0x2c d:/program files/microchip/xc32/v4.30/bin/bin/../../lib/gcc/pic32c/8.3.1/../../../../pic32c/lib/thumb/v7e-m+fp/hard\libg-musl.a(__int_vsnprintf.o)
 .comment       0x0000002b       0x2c d:/program files/microchip/xc32/v4.30/bin/bin/../../lib/gcc/pic32c/8.3.1/../../../../pic32c/lib/thumb/v7e-m+fp/hard\libg-musl.a(__cvt_u.o)
 .comment       0x0000002b       0x2c d:/program files/microchip/xc32/v4.30/bin/bin/../../lib/gcc/pic32c/8.3.1/../../../../pic32c/lib/thumb/v7e-m+fp/hard\libg-musl.a(__pop_float.o)
 .comment       0x0000002b       0x2c d:/program files/microchip/xc32/v4.30/bin/bin/../../lib/gcc/pic32c/8.3.1/../../../../pic32c/lib/thumb/v7e-m+fp/hard\libg-musl.a(__int_vfprintf.o)
 .comment       0x0000002b       0x2c d:/program files/microchip/xc32/v4.30/bin/bin/../../lib/gcc/pic32c/8.3.1/thumb/v7e-m+fp/hard\libgcc.a(_udivmoddi4.o)
 .comment       0x0000002b       0x2c d:/program files/microchip/xc32/v4.30/bin/bin/../../lib/gcc/pic32c/8.3.1/../../../../pic32c/lib/thumb/v7e-m+fp/hard\libpic32c.a(pic32_data_init_clear.o)
 .comment       0x0000002b       0x2c d:/program files/microchip/xc32/v4.30/bin/bin/../../lib/gcc/pic32c/8.3.1/../../../../pic32c/lib/thumb/v7e-m+fp/hard\libpic32c.a(pic32_data_init_copy_emb.o)
 .comment       0x0000002b       0x2c d:/program files/microchip/xc32/v4.30/bin/bin/../../lib/gcc/pic32c/8.3.1/../../../../pic32c/lib/thumb/v7e-m+fp/hard\libpic32c.a(pic32_data_init_copy.o)

.debug_info     0x00000000    0x1270d
 .debug_info    0x00000000      0xba3 build/sam_e51_cnano/debug/_ext/7187140/plib_clock.o
 .debug_info    0x00000ba3     0x11ce build/sam_e51_cnano/debug/_ext/831021835/plib_dmac.o
 .debug_info    0x00001d71      0x766 build/sam_e51_cnano/debug/_ext/1220119669/plib_eic.o
 .debug_info    0x000024d7      0x377 build/sam_e51_cnano/debug/_ext/9336626/plib_evsys.o
 .debug_info    0x0000284e     0x12e6 build/sam_e51_cnano/debug/_ext/830715028/plib_nvic.o
 .debug_info    0x00003b34      0xc8b build/sam_e51_cnano/debug/_ext/226030394/plib_nvmctrl.o
 .debug_info    0x000047bf      0xdfa build/sam_e51_cnano/debug/_ext/830661877/plib_port.o
 .debug_info    0x000055b9     0x1042 build/sam_e51_cnano/debug/_ext/1220132503/plib_rtc_timer.o
 .debug_info    0x000065fb     0x1363 build/sam_e51_cnano/debug/_ext/314480351/plib_sercom5_usart.o
 .debug_info    0x0000795e      0x384 build/sam_e51_cnano/debug/_ext/570918426/initialization.o
 .debug_info    0x00007ce2     0x16d6 build/sam_e51_cnano/debug/_ext/570918426/interrupts.o
 .debug_info    0x000093b8      0x43e build/sam_e51_cnano/debug/_ext/570918426/exceptions.o
 .debug_info    0x000097f6      0x8a0 build/sam_e51_cnano/debug/_ext/570918426/startup_xc32.o
 .debug_info    0x0000a096     0x15a5 build/sam_e51_cnano/debug/_ext/1360937237/main.o
 .debug_info    0x0000b63b       0x26 build/sam_e51_cnano/debug/_ext/1360937237/asmFunc.o
 .debug_info    0x0000b661      0x2bd d:/program files/microchip/xc32/v4.30/bin/bin/../../lib/gcc/pic32c/8.3.1/../../../../pic32c/lib/thumb/v7e-m+fp/hard\libpic32c.a(data_init.o)
 .debug_info    0x0000b91e      0x621 d:/program files/microchip/xc32/v4.30/bin/bin/../../lib/gcc/pic32c/8.3.1/../../../../pic32c/lib/thumb/v7e-m+fp/hard\libg-musl.a(__libc_start_main.o)
 .debug_info    0x0000bf3f      0x533 d:/program files/microchip/xc32/v4.30/bin/bin/../../lib/gcc/pic32c/8.3.1/../../../../pic32c/lib/thumb/v7e-m+fp/hard\libg-musl.a(libc.o)
 .debug_info    0x0000c472      0x481 d:/program files/microchip/xc32/v4.30/bin/bin/../../lib/gcc/pic32c/8.3.1/../../../../pic32c/lib/thumb/v7e-m+fp/hard\libg-musl.a(__sio_snprintf_cdnpsxX.o)
 .debug_info    0x0000c8f3      0x5c0 d:/program files/microchip/xc32/v4.30/bin/bin/../../lib/gcc/pic32c/8.3.1/../../../../pic32c/lib/thumb/v7e-m+fp/hard\libg-musl.a(__fmt_d.o)
 .debug_info    0x0000ceb3      0x535 d:/program files/microchip/xc32/v4.30/bin/bin/../../lib/gcc/pic32c/8.3.1/../../../../pic32c/lib/thumb/v7e-m+fp/hard\libg-musl.a(__fmt_s.o)
 .debug_info    0x0000d3e8      0x5c1 d:/program files/microchip/xc32/v4.30/bin/bin/../../lib/gcc/pic32c/8.3.1/../../../../pic32c/lib/thumb/v7e-m+fp/hard\libg-musl.a(__fmt_x.o)
 .debug_info    0x0000d9a9      0x3ff d:/program files/microchip/xc32/v4.30/bin/bin/../../lib/gcc/pic32c/8.3.1/../../../../pic32c/lib/thumb/v7e-m+fp/hard\libg-musl.a(__pop_int.o)
 .debug_info    0x0000dda8      0x405 d:/program files/microchip/xc32/v4.30/bin/bin/../../lib/gcc/pic32c/8.3.1/../../../../pic32c/lib/thumb/v7e-m+fp/hard\libg-musl.a(__pop_ptr.o)
 .debug_info    0x0000e1ad      0xd6c d:/program files/microchip/xc32/v4.30/bin/bin/../../lib/gcc/pic32c/8.3.1/../../../../pic32c/lib/thumb/v7e-m+fp/hard\libg-musl.a(__printf_core.o)
 .debug_info    0x0000ef19      0x2f9 d:/program files/microchip/xc32/v4.30/bin/bin/../../lib/gcc/pic32c/8.3.1/../../../../pic32c/lib/thumb/v7e-m+fp/hard\libg-musl.a(atoi.o)
 .debug_info    0x0000f212      0x2ef d:/program files/microchip/xc32/v4.30/bin/bin/../../lib/gcc/pic32c/8.3.1/../../../../pic32c/lib/thumb/v7e-m+fp/hard\libg-musl.a(memcpy.o)
 .debug_info    0x0000f501      0x2b3 d:/program files/microchip/xc32/v4.30/bin/bin/../../lib/gcc/pic32c/8.3.1/../../../../pic32c/lib/thumb/v7e-m+fp/hard\libg-musl.a(memset.o)
 .debug_info    0x0000f7b4      0x2a4 d:/program files/microchip/xc32/v4.30/bin/bin/../../lib/gcc/pic32c/8.3.1/../../../../pic32c/lib/thumb/v7e-m+fp/hard\libg-musl.a(strlen.o)
 .debug_info    0x0000fa58      0x351 d:/program files/microchip/xc32/v4.30/bin/bin/../../lib/gcc/pic32c/8.3.1/../../../../pic32c/lib/thumb/v7e-m+fp/hard\libg-musl.a(tolower.o)
 .debug_info    0x0000fda9      0x351 d:/program files/microchip/xc32/v4.30/bin/bin/../../lib/gcc/pic32c/8.3.1/../../../../pic32c/lib/thumb/v7e-m+fp/hard\libg-musl.a(toupper.o)
 .debug_info    0x000100fa      0x2ad d:/program files/microchip/xc32/v4.30/bin/bin/../../lib/gcc/pic32c/8.3.1/../../../../pic32c/lib/thumb/v7e-m+fp/hard\libg-musl.a(__environ.o)
 .debug_info    0x000103a7      0x271 d:/program files/microchip/xc32/v4.30/bin/bin/../../lib/gcc/pic32c/8.3.1/../../../../pic32c/lib/thumb/v7e-m+fp/hard\libg-musl.a(__errno_location.o)
 .debug_info    0x00010618      0x4a4 d:/program files/microchip/xc32/v4.30/bin/bin/../../lib/gcc/pic32c/8.3.1/../../../../pic32c/lib/thumb/v7e-m+fp/hard\libg-musl.a(__int_vsnprintf.o)
 .debug_info    0x00010abc      0x441 d:/program files/microchip/xc32/v4.30/bin/bin/../../lib/gcc/pic32c/8.3.1/../../../../pic32c/lib/thumb/v7e-m+fp/hard\libg-musl.a(__cvt_u.o)
 .debug_info    0x00010efd      0x3db d:/program files/microchip/xc32/v4.30/bin/bin/../../lib/gcc/pic32c/8.3.1/../../../../pic32c/lib/thumb/v7e-m+fp/hard\libg-musl.a(__pop_float.o)
 .debug_info    0x000112d8      0x477 d:/program files/microchip/xc32/v4.30/bin/bin/../../lib/gcc/pic32c/8.3.1/../../../../pic32c/lib/thumb/v7e-m+fp/hard\libg-musl.a(__int_vfprintf.o)
 .debug_info    0x0001174f       0x26 d:/program files/microchip/xc32/v4.30/bin/bin/../../lib/gcc/pic32c/8.3.1/thumb/v7e-m+fp/hard\libgcc.a(_aeabi_uldivmod.o)
 .debug_info    0x00011775      0x7aa d:/program files/microchip/xc32/v4.30/bin/bin/../../lib/gcc/pic32c/8.3.1/thumb/v7e-m+fp/hard\libgcc.a(_udivmoddi4.o)
 .debug_info    0x00011f1f       0x26 d:/program files/microchip/xc32/v4.30/bin/bin/../../lib/gcc/pic32c/8.3.1/thumb/v7e-m+fp/hard\libgcc.a(_dvmd_tls.o)
 .debug_info    0x00011f45      0x296 d:/program files/microchip/xc32/v4.30/bin/bin/../../lib/gcc/pic32c/8.3.1/../../../../pic32c/lib/thumb/v7e-m+fp/hard\libpic32c.a(pic32_data_init_clear.o)
 .debug_info    0x000121db      0x29d d:/program files/microchip/xc32/v4.30/bin/bin/../../lib/gcc/pic32c/8.3.1/../../../../pic32c/lib/thumb/v7e-m+fp/hard\libpic32c.a(pic32_data_init_copy_emb.o)
 .debug_info    0x00012478      0x295 d:/program files/microchip/xc32/v4.30/bin/bin/../../lib/gcc/pic32c/8.3.1/../../../../pic32c/lib/thumb/v7e-m+fp/hard\libpic32c.a(pic32_data_init_copy.o)

.debug_abbrev   0x00000000     0x28be
 .debug_abbrev  0x00000000      0x102 build/sam_e51_cnano/debug/_ext/7187140/plib_clock.o
 .debug_abbrev  0x00000102      0x2ff build/sam_e51_cnano/debug/_ext/831021835/plib_dmac.o
 .debug_abbrev  0x00000401      0x168 build/sam_e51_cnano/debug/_ext/1220119669/plib_eic.o
 .debug_abbrev  0x00000569       0x3b build/sam_e51_cnano/debug/_ext/9336626/plib_evsys.o
 .debug_abbrev  0x000005a4      0x1ee build/sam_e51_cnano/debug/_ext/830715028/plib_nvic.o
 .debug_abbrev  0x00000792      0x1d9 build/sam_e51_cnano/debug/_ext/226030394/plib_nvmctrl.o
 .debug_abbrev  0x0000096b      0x189 build/sam_e51_cnano/debug/_ext/830661877/plib_port.o
 .debug_abbrev  0x00000af4      0x1c0 build/sam_e51_cnano/debug/_ext/1220132503/plib_rtc_timer.o
 .debug_abbrev  0x00000cb4      0x1f6 build/sam_e51_cnano/debug/_ext/314480351/plib_sercom5_usart.o
 .debug_abbrev  0x00000eaa       0x53 build/sam_e51_cnano/debug/_ext/570918426/initialization.o
 .debug_abbrev  0x00000efd       0xb5 build/sam_e51_cnano/debug/_ext/570918426/interrupts.o
 .debug_abbrev  0x00000fb2       0x3e build/sam_e51_cnano/debug/_ext/570918426/exceptions.o
 .debug_abbrev  0x00000ff0      0x1d1 build/sam_e51_cnano/debug/_ext/570918426/startup_xc32.o
 .debug_abbrev  0x000011c1      0x1f1 build/sam_e51_cnano/debug/_ext/1360937237/main.o
 .debug_abbrev  0x000013b2       0x14 build/sam_e51_cnano/debug/_ext/1360937237/asmFunc.o
 .debug_abbrev  0x000013c6       0x44 d:/program files/microchip/xc32/v4.30/bin/bin/../../lib/gcc/pic32c/8.3.1/../../../../pic32c/lib/thumb/v7e-m+fp/hard\libpic32c.a(data_init.o)
 .debug_abbrev  0x0000140a      0x117 d:/program files/microchip/xc32/v4.30/bin/bin/../../lib/gcc/pic32c/8.3.1/../../../../pic32c/lib/thumb/v7e-m+fp/hard\libg-musl.a(__libc_start_main.o)
 .debug_abbrev  0x00001521       0xb8 d:/program files/microchip/xc32/v4.30/bin/bin/../../lib/gcc/pic32c/8.3.1/../../../../pic32c/lib/thumb/v7e-m+fp/hard\libg-musl.a(libc.o)
 .debug_abbrev  0x000015d9      0x12e d:/program files/microchip/xc32/v4.30/bin/bin/../../lib/gcc/pic32c/8.3.1/../../../../pic32c/lib/thumb/v7e-m+fp/hard\libg-musl.a(__sio_snprintf_cdnpsxX.o)
 .debug_abbrev  0x00001707      0x120 d:/program files/microchip/xc32/v4.30/bin/bin/../../lib/gcc/pic32c/8.3.1/../../../../pic32c/lib/thumb/v7e-m+fp/hard\libg-musl.a(__fmt_d.o)
 .debug_abbrev  0x00001827      0x10b d:/program files/microchip/xc32/v4.30/bin/bin/../../lib/gcc/pic32c/8.3.1/../../../../pic32c/lib/thumb/v7e-m+fp/hard\libg-musl.a(__fmt_s.o)
 .debug_abbrev  0x00001932      0x10f d:/program files/microchip/xc32/v4.30/bin/bin/../../lib/gcc/pic32c/8.3.1/../../../../pic32c/lib/thumb/v7e-m+fp/hard\libg-musl.a(__fmt_x.o)
 .debug_abbrev  0x00001a41       0xbd d:/program files/microchip/xc32/v4.30/bin/bin/../../lib/gcc/pic32c/8.3.1/../../../../pic32c/lib/thumb/v7e-m+fp/hard\libg-musl.a(__pop_int.o)
 .debug_abbrev  0x00001afe       0xce d:/program files/microchip/xc32/v4.30/bin/bin/../../lib/gcc/pic32c/8.3.1/../../../../pic32c/lib/thumb/v7e-m+fp/hard\libg-musl.a(__pop_ptr.o)
 .debug_abbrev  0x00001bcc      0x2c5 d:/program files/microchip/xc32/v4.30/bin/bin/../../lib/gcc/pic32c/8.3.1/../../../../pic32c/lib/thumb/v7e-m+fp/hard\libg-musl.a(__printf_core.o)
 .debug_abbrev  0x00001e91       0xbb d:/program files/microchip/xc32/v4.30/bin/bin/../../lib/gcc/pic32c/8.3.1/../../../../pic32c/lib/thumb/v7e-m+fp/hard\libg-musl.a(atoi.o)
 .debug_abbrev  0x00001f4c       0x9c d:/program files/microchip/xc32/v4.30/bin/bin/../../lib/gcc/pic32c/8.3.1/../../../../pic32c/lib/thumb/v7e-m+fp/hard\libg-musl.a(memcpy.o)
 .debug_abbrev  0x00001fe8       0x97 d:/program files/microchip/xc32/v4.30/bin/bin/../../lib/gcc/pic32c/8.3.1/../../../../pic32c/lib/thumb/v7e-m+fp/hard\libg-musl.a(memset.o)
 .debug_abbrev  0x0000207f       0x86 d:/program files/microchip/xc32/v4.30/bin/bin/../../lib/gcc/pic32c/8.3.1/../../../../pic32c/lib/thumb/v7e-m+fp/hard\libg-musl.a(strlen.o)
 .debug_abbrev  0x00002105       0xfd d:/program files/microchip/xc32/v4.30/bin/bin/../../lib/gcc/pic32c/8.3.1/../../../../pic32c/lib/thumb/v7e-m+fp/hard\libg-musl.a(tolower.o)
 .debug_abbrev  0x00002202       0xfd d:/program files/microchip/xc32/v4.30/bin/bin/../../lib/gcc/pic32c/8.3.1/../../../../pic32c/lib/thumb/v7e-m+fp/hard\libg-musl.a(toupper.o)
 .debug_abbrev  0x000022ff       0x57 d:/program files/microchip/xc32/v4.30/bin/bin/../../lib/gcc/pic32c/8.3.1/../../../../pic32c/lib/thumb/v7e-m+fp/hard\libg-musl.a(__environ.o)
 .debug_abbrev  0x00002356       0x2e d:/program files/microchip/xc32/v4.30/bin/bin/../../lib/gcc/pic32c/8.3.1/../../../../pic32c/lib/thumb/v7e-m+fp/hard\libg-musl.a(__errno_location.o)
 .debug_abbrev  0x00002384      0x127 d:/program files/microchip/xc32/v4.30/bin/bin/../../lib/gcc/pic32c/8.3.1/../../../../pic32c/lib/thumb/v7e-m+fp/hard\libg-musl.a(__int_vsnprintf.o)
 .debug_abbrev  0x000024ab       0xa1 d:/program files/microchip/xc32/v4.30/bin/bin/../../lib/gcc/pic32c/8.3.1/../../../../pic32c/lib/thumb/v7e-m+fp/hard\libg-musl.a(__cvt_u.o)
 .debug_abbrev  0x0000254c       0xbd d:/program files/microchip/xc32/v4.30/bin/bin/../../lib/gcc/pic32c/8.3.1/../../../../pic32c/lib/thumb/v7e-m+fp/hard\libg-musl.a(__pop_float.o)
 .debug_abbrev  0x00002609      0x111 d:/program files/microchip/xc32/v4.30/bin/bin/../../lib/gcc/pic32c/8.3.1/../../../../pic32c/lib/thumb/v7e-m+fp/hard\libg-musl.a(__int_vfprintf.o)
 .debug_abbrev  0x0000271a       0x14 d:/program files/microchip/xc32/v4.30/bin/bin/../../lib/gcc/pic32c/8.3.1/thumb/v7e-m+fp/hard\libgcc.a(_aeabi_uldivmod.o)
 .debug_abbrev  0x0000272e       0xf2 d:/program files/microchip/xc32/v4.30/bin/bin/../../lib/gcc/pic32c/8.3.1/thumb/v7e-m+fp/hard\libgcc.a(_udivmoddi4.o)
 .debug_abbrev  0x00002820       0x14 d:/program files/microchip/xc32/v4.30/bin/bin/../../lib/gcc/pic32c/8.3.1/thumb/v7e-m+fp/hard\libgcc.a(_dvmd_tls.o)
 .debug_abbrev  0x00002834       0x2e d:/program files/microchip/xc32/v4.30/bin/bin/../../lib/gcc/pic32c/8.3.1/../../../../pic32c/lib/thumb/v7e-m+fp/hard\libpic32c.a(pic32_data_init_clear.o)
 .debug_abbrev  0x00002862       0x2e d:/program files/microchip/xc32/v4.30/bin/bin/../../lib/gcc/pic32c/8.3.1/../../../../pic32c/lib/thumb/v7e-m+fp/hard\libpic32c.a(pic32_data_init_copy_emb.o)
 .debug_abbrev  0x00002890       0x2e d:/program files/microchip/xc32/v4.30/bin/bin/../../lib/gcc/pic32c/8.3.1/../../../../pic32c/lib/thumb/v7e-m+fp/hard\libpic32c.a(pic32_data_init_copy.o)

.debug_loc      0x00000000     0x4999
 .debug_loc     0x00000000      0x208 build/sam_e51_cnano/debug/_ext/7187140/plib_clock.o
 .debug_loc     0x00000208      0x598 build/sam_e51_cnano/debug/_ext/831021835/plib_dmac.o
 .debug_loc     0x000007a0      0x184 build/sam_e51_cnano/debug/_ext/1220119669/plib_eic.o
 .debug_loc     0x00000924       0x44 build/sam_e51_cnano/debug/_ext/9336626/plib_evsys.o
 .debug_loc     0x00000968      0x23c build/sam_e51_cnano/debug/_ext/830715028/plib_nvic.o
 .debug_loc     0x00000ba4      0x678 build/sam_e51_cnano/debug/_ext/226030394/plib_nvmctrl.o
 .debug_loc     0x0000121c      0x3dc build/sam_e51_cnano/debug/_ext/830661877/plib_port.o
 .debug_loc     0x000015f8      0x52c build/sam_e51_cnano/debug/_ext/1220132503/plib_rtc_timer.o
 .debug_loc     0x00001b24      0x37c build/sam_e51_cnano/debug/_ext/314480351/plib_sercom5_usart.o
 .debug_loc     0x00001ea0       0x50 build/sam_e51_cnano/debug/_ext/570918426/initialization.o
 .debug_loc     0x00001ef0      0x108 build/sam_e51_cnano/debug/_ext/570918426/exceptions.o
 .debug_loc     0x00001ff8      0x11c build/sam_e51_cnano/debug/_ext/570918426/startup_xc32.o
 .debug_loc     0x00002114      0x187 build/sam_e51_cnano/debug/_ext/1360937237/main.o
 .debug_loc     0x0000229b       0x14 d:/program files/microchip/xc32/v4.30/bin/bin/../../lib/gcc/pic32c/8.3.1/../../../../pic32c/lib/thumb/v7e-m+fp/hard\libpic32c.a(data_init.o)
 .debug_loc     0x000022af       0x51 d:/program files/microchip/xc32/v4.30/bin/bin/../../lib/gcc/pic32c/8.3.1/../../../../pic32c/lib/thumb/v7e-m+fp/hard\libg-musl.a(__libc_start_main.o)
 .debug_loc     0x00002300       0xdb d:/program files/microchip/xc32/v4.30/bin/bin/../../lib/gcc/pic32c/8.3.1/../../../../pic32c/lib/thumb/v7e-m+fp/hard\libg-musl.a(__sio_snprintf_cdnpsxX.o)
 .debug_loc     0x000023db      0x1ef d:/program files/microchip/xc32/v4.30/bin/bin/../../lib/gcc/pic32c/8.3.1/../../../../pic32c/lib/thumb/v7e-m+fp/hard\libg-musl.a(__fmt_d.o)
 .debug_loc     0x000025ca      0x157 d:/program files/microchip/xc32/v4.30/bin/bin/../../lib/gcc/pic32c/8.3.1/../../../../pic32c/lib/thumb/v7e-m+fp/hard\libg-musl.a(__fmt_s.o)
 .debug_loc     0x00002721      0x26d d:/program files/microchip/xc32/v4.30/bin/bin/../../lib/gcc/pic32c/8.3.1/../../../../pic32c/lib/thumb/v7e-m+fp/hard\libg-musl.a(__fmt_x.o)
 .debug_loc     0x0000298e      0x2f5 d:/program files/microchip/xc32/v4.30/bin/bin/../../lib/gcc/pic32c/8.3.1/../../../../pic32c/lib/thumb/v7e-m+fp/hard\libg-musl.a(__pop_int.o)
 .debug_loc     0x00002c83      0x1db d:/program files/microchip/xc32/v4.30/bin/bin/../../lib/gcc/pic32c/8.3.1/../../../../pic32c/lib/thumb/v7e-m+fp/hard\libg-musl.a(__pop_ptr.o)
 .debug_loc     0x00002e5e      0x5e9 d:/program files/microchip/xc32/v4.30/bin/bin/../../lib/gcc/pic32c/8.3.1/../../../../pic32c/lib/thumb/v7e-m+fp/hard\libg-musl.a(__printf_core.o)
 .debug_loc     0x00003447       0xd8 d:/program files/microchip/xc32/v4.30/bin/bin/../../lib/gcc/pic32c/8.3.1/../../../../pic32c/lib/thumb/v7e-m+fp/hard\libg-musl.a(atoi.o)
 .debug_loc     0x0000351f       0xe5 d:/program files/microchip/xc32/v4.30/bin/bin/../../lib/gcc/pic32c/8.3.1/../../../../pic32c/lib/thumb/v7e-m+fp/hard\libg-musl.a(memcpy.o)
 .debug_loc     0x00003604       0x56 d:/program files/microchip/xc32/v4.30/bin/bin/../../lib/gcc/pic32c/8.3.1/../../../../pic32c/lib/thumb/v7e-m+fp/hard\libg-musl.a(memset.o)
 .debug_loc     0x0000365a       0x47 d:/program files/microchip/xc32/v4.30/bin/bin/../../lib/gcc/pic32c/8.3.1/../../../../pic32c/lib/thumb/v7e-m+fp/hard\libg-musl.a(strlen.o)
 .debug_loc     0x000036a1       0x4a d:/program files/microchip/xc32/v4.30/bin/bin/../../lib/gcc/pic32c/8.3.1/../../../../pic32c/lib/thumb/v7e-m+fp/hard\libg-musl.a(tolower.o)
 .debug_loc     0x000036eb       0x4a d:/program files/microchip/xc32/v4.30/bin/bin/../../lib/gcc/pic32c/8.3.1/../../../../pic32c/lib/thumb/v7e-m+fp/hard\libg-musl.a(toupper.o)
 .debug_loc     0x00003735       0xfd d:/program files/microchip/xc32/v4.30/bin/bin/../../lib/gcc/pic32c/8.3.1/../../../../pic32c/lib/thumb/v7e-m+fp/hard\libg-musl.a(__int_vsnprintf.o)
 .debug_loc     0x00003832      0x198 d:/program files/microchip/xc32/v4.30/bin/bin/../../lib/gcc/pic32c/8.3.1/../../../../pic32c/lib/thumb/v7e-m+fp/hard\libg-musl.a(__cvt_u.o)
 .debug_loc     0x000039ca       0xa6 d:/program files/microchip/xc32/v4.30/bin/bin/../../lib/gcc/pic32c/8.3.1/../../../../pic32c/lib/thumb/v7e-m+fp/hard\libg-musl.a(__pop_float.o)
 .debug_loc     0x00003a70       0x88 d:/program files/microchip/xc32/v4.30/bin/bin/../../lib/gcc/pic32c/8.3.1/../../../../pic32c/lib/thumb/v7e-m+fp/hard\libg-musl.a(__int_vfprintf.o)
 .debug_loc     0x00003af8      0xe79 d:/program files/microchip/xc32/v4.30/bin/bin/../../lib/gcc/pic32c/8.3.1/thumb/v7e-m+fp/hard\libgcc.a(_udivmoddi4.o)
 .debug_loc     0x00004971       0x14 d:/program files/microchip/xc32/v4.30/bin/bin/../../lib/gcc/pic32c/8.3.1/../../../../pic32c/lib/thumb/v7e-m+fp/hard\libpic32c.a(pic32_data_init_copy_emb.o)
 .debug_loc     0x00004985       0x14 d:/program files/microchip/xc32/v4.30/bin/bin/../../lib/gcc/pic32c/8.3.1/../../../../pic32c/lib/thumb/v7e-m+fp/hard\libpic32c.a(pic32_data_init_copy.o)

.debug_aranges  0x00000000      0x8d0
 .debug_aranges
                0x00000000       0x58 build/sam_e51_cnano/debug/_ext/7187140/plib_clock.o
 .debug_aranges
                0x00000058       0xa0 build/sam_e51_cnano/debug/_ext/831021835/plib_dmac.o
 .debug_aranges
                0x000000f8       0x40 build/sam_e51_cnano/debug/_ext/1220119669/plib_eic.o
 .debug_aranges
                0x00000138       0x20 build/sam_e51_cnano/debug/_ext/9336626/plib_evsys.o
 .debug_aranges
                0x00000158       0x50 build/sam_e51_cnano/debug/_ext/830715028/plib_nvic.o
 .debug_aranges
                0x000001a8       0xc0 build/sam_e51_cnano/debug/_ext/226030394/plib_nvmctrl.o
 .debug_aranges
                0x00000268       0x70 build/sam_e51_cnano/debug/_ext/830661877/plib_port.o
 .debug_aranges
                0x000002d8       0xa0 build/sam_e51_cnano/debug/_ext/1220132503/plib_rtc_timer.o
 .debug_aranges
                0x00000378       0x70 build/sam_e51_cnano/debug/_ext/314480351/plib_sercom5_usart.o
 .debug_aranges
                0x000003e8       0x20 build/sam_e51_cnano/debug/_ext/570918426/initialization.o
 .debug_aranges
                0x00000408       0x20 build/sam_e51_cnano/debug/_ext/570918426/interrupts.o
 .debug_aranges
                0x00000428       0x48 build/sam_e51_cnano/debug/_ext/570918426/exceptions.o
 .debug_aranges
                0x00000470       0x40 build/sam_e51_cnano/debug/_ext/570918426/startup_xc32.o
 .debug_aranges
                0x000004b0       0x40 build/sam_e51_cnano/debug/_ext/1360937237/main.o
 .debug_aranges
                0x000004f0       0x20 build/sam_e51_cnano/debug/_ext/1360937237/asmFunc.o
 .debug_aranges
                0x00000510       0x28 d:/program files/microchip/xc32/v4.30/bin/bin/../../lib/gcc/pic32c/8.3.1/../../../../pic32c/lib/thumb/v7e-m+fp/hard\libpic32c.a(data_init.o)
 .debug_aranges
                0x00000538       0x28 d:/program files/microchip/xc32/v4.30/bin/bin/../../lib/gcc/pic32c/8.3.1/../../../../pic32c/lib/thumb/v7e-m+fp/hard\libg-musl.a(__libc_start_main.o)
 .debug_aranges
                0x00000560       0x18 d:/program files/microchip/xc32/v4.30/bin/bin/../../lib/gcc/pic32c/8.3.1/../../../../pic32c/lib/thumb/v7e-m+fp/hard\libg-musl.a(libc.o)
 .debug_aranges
                0x00000578       0x28 d:/program files/microchip/xc32/v4.30/bin/bin/../../lib/gcc/pic32c/8.3.1/../../../../pic32c/lib/thumb/v7e-m+fp/hard\libg-musl.a(__sio_snprintf_cdnpsxX.o)
 .debug_aranges
                0x000005a0       0x20 d:/program files/microchip/xc32/v4.30/bin/bin/../../lib/gcc/pic32c/8.3.1/../../../../pic32c/lib/thumb/v7e-m+fp/hard\libg-musl.a(__fmt_d.o)
 .debug_aranges
                0x000005c0       0x20 d:/program files/microchip/xc32/v4.30/bin/bin/../../lib/gcc/pic32c/8.3.1/../../../../pic32c/lib/thumb/v7e-m+fp/hard\libg-musl.a(__fmt_s.o)
 .debug_aranges
                0x000005e0       0x20 d:/program files/microchip/xc32/v4.30/bin/bin/../../lib/gcc/pic32c/8.3.1/../../../../pic32c/lib/thumb/v7e-m+fp/hard\libg-musl.a(__fmt_x.o)
 .debug_aranges
                0x00000600       0x20 d:/program files/microchip/xc32/v4.30/bin/bin/../../lib/gcc/pic32c/8.3.1/../../../../pic32c/lib/thumb/v7e-m+fp/hard\libg-musl.a(__pop_int.o)
 .debug_aranges
                0x00000620       0x20 d:/program files/microchip/xc32/v4.30/bin/bin/../../lib/gcc/pic32c/8.3.1/../../../../pic32c/lib/thumb/v7e-m+fp/hard\libg-musl.a(__pop_ptr.o)
 .debug_aranges
                0x00000640       0x50 d:/program files/microchip/xc32/v4.30/bin/bin/../../lib/gcc/pic32c/8.3.1/../../../../pic32c/lib/thumb/v7e-m+fp/hard\libg-musl.a(__printf_core.o)
 .debug_aranges
                0x00000690       0x20 d:/program files/microchip/xc32/v4.30/bin/bin/../../lib/gcc/pic32c/8.3.1/../../../../pic32c/lib/thumb/v7e-m+fp/hard\libg-musl.a(atoi.o)
 .debug_aranges
                0x000006b0       0x20 d:/program files/microchip/xc32/v4.30/bin/bin/../../lib/gcc/pic32c/8.3.1/../../../../pic32c/lib/thumb/v7e-m+fp/hard\libg-musl.a(memcpy.o)
 .debug_aranges
                0x000006d0       0x20 d:/program files/microchip/xc32/v4.30/bin/bin/../../lib/gcc/pic32c/8.3.1/../../../../pic32c/lib/thumb/v7e-m+fp/hard\libg-musl.a(memset.o)
 .debug_aranges
                0x000006f0       0x20 d:/program files/microchip/xc32/v4.30/bin/bin/../../lib/gcc/pic32c/8.3.1/../../../../pic32c/lib/thumb/v7e-m+fp/hard\libg-musl.a(strlen.o)
 .debug_aranges
                0x00000710       0x28 d:/program files/microchip/xc32/v4.30/bin/bin/../../lib/gcc/pic32c/8.3.1/../../../../pic32c/lib/thumb/v7e-m+fp/hard\libg-musl.a(tolower.o)
 .debug_aranges
                0x00000738       0x28 d:/program files/microchip/xc32/v4.30/bin/bin/../../lib/gcc/pic32c/8.3.1/../../../../pic32c/lib/thumb/v7e-m+fp/hard\libg-musl.a(toupper.o)
 .debug_aranges
                0x00000760       0x18 d:/program files/microchip/xc32/v4.30/bin/bin/../../lib/gcc/pic32c/8.3.1/../../../../pic32c/lib/thumb/v7e-m+fp/hard\libg-musl.a(__environ.o)
 .debug_aranges
                0x00000778       0x18 d:/program files/microchip/xc32/v4.30/bin/bin/../../lib/gcc/pic32c/8.3.1/../../../../pic32c/lib/thumb/v7e-m+fp/hard\libg-musl.a(__errno_location.o)
 .debug_aranges
                0x00000790       0x20 d:/program files/microchip/xc32/v4.30/bin/bin/../../lib/gcc/pic32c/8.3.1/../../../../pic32c/lib/thumb/v7e-m+fp/hard\libg-musl.a(__int_vsnprintf.o)
 .debug_aranges
                0x000007b0       0x20 d:/program files/microchip/xc32/v4.30/bin/bin/../../lib/gcc/pic32c/8.3.1/../../../../pic32c/lib/thumb/v7e-m+fp/hard\libg-musl.a(__cvt_u.o)
 .debug_aranges
                0x000007d0       0x20 d:/program files/microchip/xc32/v4.30/bin/bin/../../lib/gcc/pic32c/8.3.1/../../../../pic32c/lib/thumb/v7e-m+fp/hard\libg-musl.a(__pop_float.o)
 .debug_aranges
                0x000007f0       0x20 d:/program files/microchip/xc32/v4.30/bin/bin/../../lib/gcc/pic32c/8.3.1/../../../../pic32c/lib/thumb/v7e-m+fp/hard\libg-musl.a(__int_vfprintf.o)
 .debug_aranges
                0x00000810       0x20 d:/program files/microchip/xc32/v4.30/bin/bin/../../lib/gcc/pic32c/8.3.1/thumb/v7e-m+fp/hard\libgcc.a(_aeabi_uldivmod.o)
 .debug_aranges
                0x00000830       0x20 d:/program files/microchip/xc32/v4.30/bin/bin/../../lib/gcc/pic32c/8.3.1/thumb/v7e-m+fp/hard\libgcc.a(_udivmoddi4.o)
 .debug_aranges
                0x00000850       0x20 d:/program files/microchip/xc32/v4.30/bin/bin/../../lib/gcc/pic32c/8.3.1/thumb/v7e-m+fp/hard\libgcc.a(_dvmd_tls.o)
 .debug_aranges
                0x00000870       0x20 d:/program files/microchip/xc32/v4.30/bin/bin/../../lib/gcc/pic32c/8.3.1/../../../../pic32c/lib/thumb/v7e-m+fp/hard\libpic32c.a(pic32_data_init_clear.o)
 .debug_aranges
                0x00000890       0x20 d:/program files/microchip/xc32/v4.30/bin/bin/../../lib/gcc/pic32c/8.3.1/../../../../pic32c/lib/thumb/v7e-m+fp/hard\libpic32c.a(pic32_data_init_copy_emb.o)
 .debug_aranges
                0x000008b0       0x20 d:/program files/microchip/xc32/v4.30/bin/bin/../../lib/gcc/pic32c/8.3.1/../../../../pic32c/lib/thumb/v7e-m+fp/hard\libpic32c.a(pic32_data_init_copy.o)

.debug_ranges   0x00000000      0x6b8
 .debug_ranges  0x00000000       0x48 build/sam_e51_cnano/debug/_ext/7187140/plib_clock.o
 .debug_ranges  0x00000048       0x90 build/sam_e51_cnano/debug/_ext/831021835/plib_dmac.o
 .debug_ranges  0x000000d8       0x30 build/sam_e51_cnano/debug/_ext/1220119669/plib_eic.o
 .debug_ranges  0x00000108       0x10 build/sam_e51_cnano/debug/_ext/9336626/plib_evsys.o
 .debug_ranges  0x00000118       0x40 build/sam_e51_cnano/debug/_ext/830715028/plib_nvic.o
 .debug_ranges  0x00000158       0xb0 build/sam_e51_cnano/debug/_ext/226030394/plib_nvmctrl.o
 .debug_ranges  0x00000208       0x60 build/sam_e51_cnano/debug/_ext/830661877/plib_port.o
 .debug_ranges  0x00000268       0x90 build/sam_e51_cnano/debug/_ext/1220132503/plib_rtc_timer.o
 .debug_ranges  0x000002f8       0x60 build/sam_e51_cnano/debug/_ext/314480351/plib_sercom5_usart.o
 .debug_ranges  0x00000358       0x10 build/sam_e51_cnano/debug/_ext/570918426/initialization.o
 .debug_ranges  0x00000368       0x10 build/sam_e51_cnano/debug/_ext/570918426/interrupts.o
 .debug_ranges  0x00000378       0x38 build/sam_e51_cnano/debug/_ext/570918426/exceptions.o
 .debug_ranges  0x000003b0       0x30 build/sam_e51_cnano/debug/_ext/570918426/startup_xc32.o
 .debug_ranges  0x000003e0       0x30 build/sam_e51_cnano/debug/_ext/1360937237/main.o
 .debug_ranges  0x00000410       0x18 d:/program files/microchip/xc32/v4.30/bin/bin/../../lib/gcc/pic32c/8.3.1/../../../../pic32c/lib/thumb/v7e-m+fp/hard\libpic32c.a(data_init.o)
 .debug_ranges  0x00000428       0x40 d:/program files/microchip/xc32/v4.30/bin/bin/../../lib/gcc/pic32c/8.3.1/../../../../pic32c/lib/thumb/v7e-m+fp/hard\libg-musl.a(__libc_start_main.o)
 .debug_ranges  0x00000468       0x18 d:/program files/microchip/xc32/v4.30/bin/bin/../../lib/gcc/pic32c/8.3.1/../../../../pic32c/lib/thumb/v7e-m+fp/hard\libg-musl.a(__sio_snprintf_cdnpsxX.o)
 .debug_ranges  0x00000480       0x10 d:/program files/microchip/xc32/v4.30/bin/bin/../../lib/gcc/pic32c/8.3.1/../../../../pic32c/lib/thumb/v7e-m+fp/hard\libg-musl.a(__fmt_d.o)
 .debug_ranges  0x00000490       0x10 d:/program files/microchip/xc32/v4.30/bin/bin/../../lib/gcc/pic32c/8.3.1/../../../../pic32c/lib/thumb/v7e-m+fp/hard\libg-musl.a(__fmt_s.o)
 .debug_ranges  0x000004a0       0x10 d:/program files/microchip/xc32/v4.30/bin/bin/../../lib/gcc/pic32c/8.3.1/../../../../pic32c/lib/thumb/v7e-m+fp/hard\libg-musl.a(__fmt_x.o)
 .debug_ranges  0x000004b0       0x10 d:/program files/microchip/xc32/v4.30/bin/bin/../../lib/gcc/pic32c/8.3.1/../../../../pic32c/lib/thumb/v7e-m+fp/hard\libg-musl.a(__pop_int.o)
 .debug_ranges  0x000004c0       0x10 d:/program files/microchip/xc32/v4.30/bin/bin/../../lib/gcc/pic32c/8.3.1/../../../../pic32c/lib/thumb/v7e-m+fp/hard\libg-musl.a(__pop_ptr.o)
 .debug_ranges  0x000004d0       0x58 d:/program files/microchip/xc32/v4.30/bin/bin/../../lib/gcc/pic32c/8.3.1/../../../../pic32c/lib/thumb/v7e-m+fp/hard\libg-musl.a(__printf_core.o)
 .debug_ranges  0x00000528       0x10 d:/program files/microchip/xc32/v4.30/bin/bin/../../lib/gcc/pic32c/8.3.1/../../../../pic32c/lib/thumb/v7e-m+fp/hard\libg-musl.a(atoi.o)
 .debug_ranges  0x00000538       0x10 d:/program files/microchip/xc32/v4.30/bin/bin/../../lib/gcc/pic32c/8.3.1/../../../../pic32c/lib/thumb/v7e-m+fp/hard\libg-musl.a(memcpy.o)
 .debug_ranges  0x00000548       0x10 d:/program files/microchip/xc32/v4.30/bin/bin/../../lib/gcc/pic32c/8.3.1/../../../../pic32c/lib/thumb/v7e-m+fp/hard\libg-musl.a(memset.o)
 .debug_ranges  0x00000558       0x10 d:/program files/microchip/xc32/v4.30/bin/bin/../../lib/gcc/pic32c/8.3.1/../../../../pic32c/lib/thumb/v7e-m+fp/hard\libg-musl.a(strlen.o)
 .debug_ranges  0x00000568       0x18 d:/program files/microchip/xc32/v4.30/bin/bin/../../lib/gcc/pic32c/8.3.1/../../../../pic32c/lib/thumb/v7e-m+fp/hard\libg-musl.a(tolower.o)
 .debug_ranges  0x00000580       0x18 d:/program files/microchip/xc32/v4.30/bin/bin/../../lib/gcc/pic32c/8.3.1/../../../../pic32c/lib/thumb/v7e-m+fp/hard\libg-musl.a(toupper.o)
 .debug_ranges  0x00000598       0x10 d:/program files/microchip/xc32/v4.30/bin/bin/../../lib/gcc/pic32c/8.3.1/../../../../pic32c/lib/thumb/v7e-m+fp/hard\libg-musl.a(__int_vsnprintf.o)
 .debug_ranges  0x000005a8       0x10 d:/program files/microchip/xc32/v4.30/bin/bin/../../lib/gcc/pic32c/8.3.1/../../../../pic32c/lib/thumb/v7e-m+fp/hard\libg-musl.a(__cvt_u.o)
 .debug_ranges  0x000005b8       0x10 d:/program files/microchip/xc32/v4.30/bin/bin/../../lib/gcc/pic32c/8.3.1/../../../../pic32c/lib/thumb/v7e-m+fp/hard\libg-musl.a(__pop_float.o)
 .debug_ranges  0x000005c8       0x10 d:/program files/microchip/xc32/v4.30/bin/bin/../../lib/gcc/pic32c/8.3.1/../../../../pic32c/lib/thumb/v7e-m+fp/hard\libg-musl.a(__int_vfprintf.o)
 .debug_ranges  0x000005d8       0xb0 d:/program files/microchip/xc32/v4.30/bin/bin/../../lib/gcc/pic32c/8.3.1/thumb/v7e-m+fp/hard\libgcc.a(_udivmoddi4.o)
 .debug_ranges  0x00000688       0x10 d:/program files/microchip/xc32/v4.30/bin/bin/../../lib/gcc/pic32c/8.3.1/../../../../pic32c/lib/thumb/v7e-m+fp/hard\libpic32c.a(pic32_data_init_clear.o)
 .debug_ranges  0x00000698       0x10 d:/program files/microchip/xc32/v4.30/bin/bin/../../lib/gcc/pic32c/8.3.1/../../../../pic32c/lib/thumb/v7e-m+fp/hard\libpic32c.a(pic32_data_init_copy_emb.o)
 .debug_ranges  0x000006a8       0x10 d:/program files/microchip/xc32/v4.30/bin/bin/../../lib/gcc/pic32c/8.3.1/../../../../pic32c/lib/thumb/v7e-m+fp/hard\libpic32c.a(pic32_data_init_copy.o)

.debug_line     0x00000000     0x4f71
 .debug_line    0x00000000      0x286 build/sam_e51_cnano/debug/_ext/7187140/plib_clock.o
 .debug_line    0x00000286      0x516 build/sam_e51_cnano/debug/_ext/831021835/plib_dmac.o
 .debug_line    0x0000079c      0x1de build/sam_e51_cnano/debug/_ext/1220119669/plib_eic.o
 .debug_line    0x0000097a       0x6c build/sam_e51_cnano/debug/_ext/9336626/plib_evsys.o
 .debug_line    0x000009e6      0x289 build/sam_e51_cnano/debug/_ext/830715028/plib_nvic.o
 .debug_line    0x00000c6f      0x436 build/sam_e51_cnano/debug/_ext/226030394/plib_nvmctrl.o
 .debug_line    0x000010a5      0x281 build/sam_e51_cnano/debug/_ext/830661877/plib_port.o
 .debug_line    0x00001326      0x367 build/sam_e51_cnano/debug/_ext/1220132503/plib_rtc_timer.o
 .debug_line    0x0000168d      0x432 build/sam_e51_cnano/debug/_ext/314480351/plib_sercom5_usart.o
 .debug_line    0x00001abf       0x6d build/sam_e51_cnano/debug/_ext/570918426/initialization.o
 .debug_line    0x00001b2c       0xbf build/sam_e51_cnano/debug/_ext/570918426/interrupts.o
 .debug_line    0x00001beb       0xd8 build/sam_e51_cnano/debug/_ext/570918426/exceptions.o
 .debug_line    0x00001cc3      0x1ee build/sam_e51_cnano/debug/_ext/570918426/startup_xc32.o
 .debug_line    0x00001eb1      0x37c build/sam_e51_cnano/debug/_ext/1360937237/main.o
 .debug_line    0x0000222d       0x80 build/sam_e51_cnano/debug/_ext/1360937237/asmFunc.o
 .debug_line    0x000022ad       0xe9 d:/program files/microchip/xc32/v4.30/bin/bin/../../lib/gcc/pic32c/8.3.1/../../../../pic32c/lib/thumb/v7e-m+fp/hard\libpic32c.a(data_init.o)
 .debug_line    0x00002396      0x1d5 d:/program files/microchip/xc32/v4.30/bin/bin/../../lib/gcc/pic32c/8.3.1/../../../../pic32c/lib/thumb/v7e-m+fp/hard\libg-musl.a(__libc_start_main.o)
 .debug_line    0x0000256b       0xbc d:/program files/microchip/xc32/v4.30/bin/bin/../../lib/gcc/pic32c/8.3.1/../../../../pic32c/lib/thumb/v7e-m+fp/hard\libg-musl.a(libc.o)
 .debug_line    0x00002627      0x1b2 d:/program files/microchip/xc32/v4.30/bin/bin/../../lib/gcc/pic32c/8.3.1/../../../../pic32c/lib/thumb/v7e-m+fp/hard\libg-musl.a(__sio_snprintf_cdnpsxX.o)
 .debug_line    0x000027d9      0x20d d:/program files/microchip/xc32/v4.30/bin/bin/../../lib/gcc/pic32c/8.3.1/../../../../pic32c/lib/thumb/v7e-m+fp/hard\libg-musl.a(__fmt_d.o)
 .debug_line    0x000029e6      0x200 d:/program files/microchip/xc32/v4.30/bin/bin/../../lib/gcc/pic32c/8.3.1/../../../../pic32c/lib/thumb/v7e-m+fp/hard\libg-musl.a(__fmt_s.o)
 .debug_line    0x00002be6      0x2df d:/program files/microchip/xc32/v4.30/bin/bin/../../lib/gcc/pic32c/8.3.1/../../../../pic32c/lib/thumb/v7e-m+fp/hard\libg-musl.a(__fmt_x.o)
 .debug_line    0x00002ec5      0x20e d:/program files/microchip/xc32/v4.30/bin/bin/../../lib/gcc/pic32c/8.3.1/../../../../pic32c/lib/thumb/v7e-m+fp/hard\libg-musl.a(__pop_int.o)
 .debug_line    0x000030d3      0x1ee d:/program files/microchip/xc32/v4.30/bin/bin/../../lib/gcc/pic32c/8.3.1/../../../../pic32c/lib/thumb/v7e-m+fp/hard\libg-musl.a(__pop_ptr.o)
 .debug_line    0x000032c1      0x6a3 d:/program files/microchip/xc32/v4.30/bin/bin/../../lib/gcc/pic32c/8.3.1/../../../../pic32c/lib/thumb/v7e-m+fp/hard\libg-musl.a(__printf_core.o)
 .debug_line    0x00003964      0x175 d:/program files/microchip/xc32/v4.30/bin/bin/../../lib/gcc/pic32c/8.3.1/../../../../pic32c/lib/thumb/v7e-m+fp/hard\libg-musl.a(atoi.o)
 .debug_line    0x00003ad9       0xf2 d:/program files/microchip/xc32/v4.30/bin/bin/../../lib/gcc/pic32c/8.3.1/../../../../pic32c/lib/thumb/v7e-m+fp/hard\libg-musl.a(memcpy.o)
 .debug_line    0x00003bcb       0xe9 d:/program files/microchip/xc32/v4.30/bin/bin/../../lib/gcc/pic32c/8.3.1/../../../../pic32c/lib/thumb/v7e-m+fp/hard\libg-musl.a(memset.o)
 .debug_line    0x00003cb4       0xe5 d:/program files/microchip/xc32/v4.30/bin/bin/../../lib/gcc/pic32c/8.3.1/../../../../pic32c/lib/thumb/v7e-m+fp/hard\libg-musl.a(strlen.o)
 .debug_line    0x00003d99      0x165 d:/program files/microchip/xc32/v4.30/bin/bin/../../lib/gcc/pic32c/8.3.1/../../../../pic32c/lib/thumb/v7e-m+fp/hard\libg-musl.a(tolower.o)
 .debug_line    0x00003efe      0x165 d:/program files/microchip/xc32/v4.30/bin/bin/../../lib/gcc/pic32c/8.3.1/../../../../pic32c/lib/thumb/v7e-m+fp/hard\libg-musl.a(toupper.o)
 .debug_line    0x00004063      0x109 d:/program files/microchip/xc32/v4.30/bin/bin/../../lib/gcc/pic32c/8.3.1/../../../../pic32c/lib/thumb/v7e-m+fp/hard\libg-musl.a(__environ.o)
 .debug_line    0x0000416c       0xa1 d:/program files/microchip/xc32/v4.30/bin/bin/../../lib/gcc/pic32c/8.3.1/../../../../pic32c/lib/thumb/v7e-m+fp/hard\libg-musl.a(__errno_location.o)
 .debug_line    0x0000420d      0x1c9 d:/program files/microchip/xc32/v4.30/bin/bin/../../lib/gcc/pic32c/8.3.1/../../../../pic32c/lib/thumb/v7e-m+fp/hard\libg-musl.a(__int_vsnprintf.o)
 .debug_line    0x000043d6      0x1d9 d:/program files/microchip/xc32/v4.30/bin/bin/../../lib/gcc/pic32c/8.3.1/../../../../pic32c/lib/thumb/v7e-m+fp/hard\libg-musl.a(__cvt_u.o)
 .debug_line    0x000045af      0x173 d:/program files/microchip/xc32/v4.30/bin/bin/../../lib/gcc/pic32c/8.3.1/../../../../pic32c/lib/thumb/v7e-m+fp/hard\libg-musl.a(__pop_float.o)
 .debug_line    0x00004722      0x176 d:/program files/microchip/xc32/v4.30/bin/bin/../../lib/gcc/pic32c/8.3.1/../../../../pic32c/lib/thumb/v7e-m+fp/hard\libg-musl.a(__int_vfprintf.o)
 .debug_line    0x00004898       0x98 d:/program files/microchip/xc32/v4.30/bin/bin/../../lib/gcc/pic32c/8.3.1/thumb/v7e-m+fp/hard\libgcc.a(_aeabi_uldivmod.o)
 .debug_line    0x00004930      0x367 d:/program files/microchip/xc32/v4.30/bin/bin/../../lib/gcc/pic32c/8.3.1/thumb/v7e-m+fp/hard\libgcc.a(_udivmoddi4.o)
 .debug_line    0x00004c97       0x98 d:/program files/microchip/xc32/v4.30/bin/bin/../../lib/gcc/pic32c/8.3.1/thumb/v7e-m+fp/hard\libgcc.a(_dvmd_tls.o)
 .debug_line    0x00004d2f       0xb6 d:/program files/microchip/xc32/v4.30/bin/bin/../../lib/gcc/pic32c/8.3.1/../../../../pic32c/lib/thumb/v7e-m+fp/hard\libpic32c.a(pic32_data_init_clear.o)
 .debug_line    0x00004de5       0xce d:/program files/microchip/xc32/v4.30/bin/bin/../../lib/gcc/pic32c/8.3.1/../../../../pic32c/lib/thumb/v7e-m+fp/hard\libpic32c.a(pic32_data_init_copy_emb.o)
 .debug_line    0x00004eb3       0xbe d:/program files/microchip/xc32/v4.30/bin/bin/../../lib/gcc/pic32c/8.3.1/../../../../pic32c/lib/thumb/v7e-m+fp/hard\libpic32c.a(pic32_data_init_copy.o)

.debug_str      0x00000000      0x6f8
 .debug_str     0x00000000       0x1e build/sam_e51_cnano/debug/_ext/7187140/plib_clock.o
 .debug_str     0x0000001e       0x4c build/sam_e51_cnano/debug/_ext/831021835/plib_dmac.o
 .debug_str     0x0000006a        0x9 build/sam_e51_cnano/debug/_ext/1220119669/plib_eic.o
 .debug_str     0x00000073        0x0 build/sam_e51_cnano/debug/_ext/9336626/plib_evsys.o
 .debug_str     0x00000073        0xa build/sam_e51_cnano/debug/_ext/830715028/plib_nvic.o
 .debug_str     0x0000007d       0x1b build/sam_e51_cnano/debug/_ext/226030394/plib_nvmctrl.o
 .debug_str     0x00000098        0xb build/sam_e51_cnano/debug/_ext/830661877/plib_port.o
 .debug_str     0x000000a3      0x115 build/sam_e51_cnano/debug/_ext/1220132503/plib_rtc_timer.o
 .debug_str     0x000001b8      0x123 build/sam_e51_cnano/debug/_ext/314480351/plib_sercom5_usart.o
 .debug_str     0x000002db        0x0 build/sam_e51_cnano/debug/_ext/570918426/initialization.o
 .debug_str     0x000002db        0x0 build/sam_e51_cnano/debug/_ext/570918426/interrupts.o
 .debug_str     0x000002db        0x0 build/sam_e51_cnano/debug/_ext/570918426/exceptions.o
 .debug_str     0x000002db        0x0 build/sam_e51_cnano/debug/_ext/570918426/startup_xc32.o
 .debug_str     0x000002db      0x135 build/sam_e51_cnano/debug/_ext/1360937237/main.o
 .debug_str     0x00000410       0x7e build/sam_e51_cnano/debug/_ext/1360937237/asmFunc.o
 .debug_str     0x0000048e        0x0 d:/program files/microchip/xc32/v4.30/bin/bin/../../lib/gcc/pic32c/8.3.1/../../../../pic32c/lib/thumb/v7e-m+fp/hard\libpic32c.a(data_init.o)
 .debug_str     0x0000048e        0x0 d:/program files/microchip/xc32/v4.30/bin/bin/../../lib/gcc/pic32c/8.3.1/../../../../pic32c/lib/thumb/v7e-m+fp/hard\libg-musl.a(__libc_start_main.o)
 .debug_str     0x0000048e        0x0 d:/program files/microchip/xc32/v4.30/bin/bin/../../lib/gcc/pic32c/8.3.1/../../../../pic32c/lib/thumb/v7e-m+fp/hard\libg-musl.a(libc.o)
 .debug_str     0x0000048e       0x5b d:/program files/microchip/xc32/v4.30/bin/bin/../../lib/gcc/pic32c/8.3.1/../../../../pic32c/lib/thumb/v7e-m+fp/hard\libg-musl.a(__sio_snprintf_cdnpsxX.o)
 .debug_str     0x000004e9        0x0 d:/program files/microchip/xc32/v4.30/bin/bin/../../lib/gcc/pic32c/8.3.1/../../../../pic32c/lib/thumb/v7e-m+fp/hard\libg-musl.a(__fmt_d.o)
 .debug_str     0x000004e9        0x0 d:/program files/microchip/xc32/v4.30/bin/bin/../../lib/gcc/pic32c/8.3.1/../../../../pic32c/lib/thumb/v7e-m+fp/hard\libg-musl.a(__fmt_s.o)
 .debug_str     0x000004e9        0x0 d:/program files/microchip/xc32/v4.30/bin/bin/../../lib/gcc/pic32c/8.3.1/../../../../pic32c/lib/thumb/v7e-m+fp/hard\libg-musl.a(__fmt_x.o)
 .debug_str     0x000004e9        0x0 d:/program files/microchip/xc32/v4.30/bin/bin/../../lib/gcc/pic32c/8.3.1/../../../../pic32c/lib/thumb/v7e-m+fp/hard\libg-musl.a(__pop_int.o)
 .debug_str     0x000004e9        0x0 d:/program files/microchip/xc32/v4.30/bin/bin/../../lib/gcc/pic32c/8.3.1/../../../../pic32c/lib/thumb/v7e-m+fp/hard\libg-musl.a(__pop_ptr.o)
 .debug_str     0x000004e9       0x20 d:/program files/microchip/xc32/v4.30/bin/bin/../../lib/gcc/pic32c/8.3.1/../../../../pic32c/lib/thumb/v7e-m+fp/hard\libg-musl.a(__printf_core.o)
 .debug_str     0x00000509        0x0 d:/program files/microchip/xc32/v4.30/bin/bin/../../lib/gcc/pic32c/8.3.1/../../../../pic32c/lib/thumb/v7e-m+fp/hard\libg-musl.a(atoi.o)
 .debug_str     0x00000509        0x0 d:/program files/microchip/xc32/v4.30/bin/bin/../../lib/gcc/pic32c/8.3.1/../../../../pic32c/lib/thumb/v7e-m+fp/hard\libg-musl.a(memcpy.o)
 .debug_str     0x00000509        0x0 d:/program files/microchip/xc32/v4.30/bin/bin/../../lib/gcc/pic32c/8.3.1/../../../../pic32c/lib/thumb/v7e-m+fp/hard\libg-musl.a(memset.o)
 .debug_str     0x00000509        0x0 d:/program files/microchip/xc32/v4.30/bin/bin/../../lib/gcc/pic32c/8.3.1/../../../../pic32c/lib/thumb/v7e-m+fp/hard\libg-musl.a(strlen.o)
 .debug_str     0x00000509        0x0 d:/program files/microchip/xc32/v4.30/bin/bin/../../lib/gcc/pic32c/8.3.1/../../../../pic32c/lib/thumb/v7e-m+fp/hard\libg-musl.a(tolower.o)
 .debug_str     0x00000509        0x0 d:/program files/microchip/xc32/v4.30/bin/bin/../../lib/gcc/pic32c/8.3.1/../../../../pic32c/lib/thumb/v7e-m+fp/hard\libg-musl.a(toupper.o)
 .debug_str     0x00000509        0x0 d:/program files/microchip/xc32/v4.30/bin/bin/../../lib/gcc/pic32c/8.3.1/../../../../pic32c/lib/thumb/v7e-m+fp/hard\libg-musl.a(__environ.o)
 .debug_str     0x00000509        0x0 d:/program files/microchip/xc32/v4.30/bin/bin/../../lib/gcc/pic32c/8.3.1/../../../../pic32c/lib/thumb/v7e-m+fp/hard\libg-musl.a(__errno_location.o)
 .debug_str     0x00000509        0xb d:/program files/microchip/xc32/v4.30/bin/bin/../../lib/gcc/pic32c/8.3.1/../../../../pic32c/lib/thumb/v7e-m+fp/hard\libg-musl.a(__int_vsnprintf.o)
 .debug_str     0x00000514        0x0 d:/program files/microchip/xc32/v4.30/bin/bin/../../lib/gcc/pic32c/8.3.1/../../../../pic32c/lib/thumb/v7e-m+fp/hard\libg-musl.a(__cvt_u.o)
 .debug_str     0x00000514        0x0 d:/program files/microchip/xc32/v4.30/bin/bin/../../lib/gcc/pic32c/8.3.1/../../../../pic32c/lib/thumb/v7e-m+fp/hard\libg-musl.a(__pop_float.o)
 .debug_str     0x00000514        0xe d:/program files/microchip/xc32/v4.30/bin/bin/../../lib/gcc/pic32c/8.3.1/../../../../pic32c/lib/thumb/v7e-m+fp/hard\libg-musl.a(__int_vfprintf.o)
 .debug_str     0x00000522       0xe9 d:/program files/microchip/xc32/v4.30/bin/bin/../../lib/gcc/pic32c/8.3.1/thumb/v7e-m+fp/hard\libgcc.a(_aeabi_uldivmod.o)
 .debug_str     0x0000060b        0x0 d:/program files/microchip/xc32/v4.30/bin/bin/../../lib/gcc/pic32c/8.3.1/thumb/v7e-m+fp/hard\libgcc.a(_udivmoddi4.o)
 .debug_str     0x0000060b       0xed d:/program files/microchip/xc32/v4.30/bin/bin/../../lib/gcc/pic32c/8.3.1/thumb/v7e-m+fp/hard\libgcc.a(_dvmd_tls.o)
 .debug_str     0x000006f8        0x0 d:/program files/microchip/xc32/v4.30/bin/bin/../../lib/gcc/pic32c/8.3.1/../../../../pic32c/lib/thumb/v7e-m+fp/hard\libpic32c.a(pic32_data_init_clear.o)
 .debug_str     0x000006f8        0x0 d:/program files/microchip/xc32/v4.30/bin/bin/../../lib/gcc/pic32c/8.3.1/../../../../pic32c/lib/thumb/v7e-m+fp/hard\libpic32c.a(pic32_data_init_copy_emb.o)
 .debug_str     0x000006f8        0x0 d:/program files/microchip/xc32/v4.30/bin/bin/../../lib/gcc/pic32c/8.3.1/../../../../pic32c/lib/thumb/v7e-m+fp/hard\libpic32c.a(pic32_data_init_copy.o)

.debug_frame    0x00000000     0x1600
 .debug_frame   0x00000000      0x10c build/sam_e51_cnano/debug/_ext/7187140/plib_clock.o
 .debug_frame   0x0000010c      0x290 build/sam_e51_cnano/debug/_ext/831021835/plib_dmac.o
 .debug_frame   0x0000039c       0xc4 build/sam_e51_cnano/debug/_ext/1220119669/plib_eic.o
 .debug_frame   0x00000460       0x30 build/sam_e51_cnano/debug/_ext/9336626/plib_evsys.o
 .debug_frame   0x00000490      0x114 build/sam_e51_cnano/debug/_ext/830715028/plib_nvic.o
 .debug_frame   0x000005a4      0x2fc build/sam_e51_cnano/debug/_ext/226030394/plib_nvmctrl.o
 .debug_frame   0x000008a0      0x1c0 build/sam_e51_cnano/debug/_ext/830661877/plib_port.o
 .debug_frame   0x00000a60      0x26c build/sam_e51_cnano/debug/_ext/1220132503/plib_rtc_timer.o
 .debug_frame   0x00000ccc      0x1a8 build/sam_e51_cnano/debug/_ext/314480351/plib_sercom5_usart.o
 .debug_frame   0x00000e74       0x34 build/sam_e51_cnano/debug/_ext/570918426/initialization.o
 .debug_frame   0x00000ea8       0x20 build/sam_e51_cnano/debug/_ext/570918426/interrupts.o
 .debug_frame   0x00000ec8       0xa0 build/sam_e51_cnano/debug/_ext/570918426/exceptions.o
 .debug_frame   0x00000f68       0xa8 build/sam_e51_cnano/debug/_ext/570918426/startup_xc32.o
 .debug_frame   0x00001010       0xd4 build/sam_e51_cnano/debug/_ext/1360937237/main.o
 .debug_frame   0x000010e4       0x3c d:/program files/microchip/xc32/v4.30/bin/bin/../../lib/gcc/pic32c/8.3.1/../../../../pic32c/lib/thumb/v7e-m+fp/hard\libpic32c.a(data_init.o)
 .debug_frame   0x00001120       0x3c d:/program files/microchip/xc32/v4.30/bin/bin/../../lib/gcc/pic32c/8.3.1/../../../../pic32c/lib/thumb/v7e-m+fp/hard\libg-musl.a(__libc_start_main.o)
 .debug_frame   0x0000115c       0x54 d:/program files/microchip/xc32/v4.30/bin/bin/../../lib/gcc/pic32c/8.3.1/../../../../pic32c/lib/thumb/v7e-m+fp/hard\libg-musl.a(__sio_snprintf_cdnpsxX.o)
 .debug_frame   0x000011b0       0x3c d:/program files/microchip/xc32/v4.30/bin/bin/../../lib/gcc/pic32c/8.3.1/../../../../pic32c/lib/thumb/v7e-m+fp/hard\libg-musl.a(__fmt_d.o)
 .debug_frame   0x000011ec       0x34 d:/program files/microchip/xc32/v4.30/bin/bin/../../lib/gcc/pic32c/8.3.1/../../../../pic32c/lib/thumb/v7e-m+fp/hard\libg-musl.a(__fmt_s.o)
 .debug_frame   0x00001220       0x40 d:/program files/microchip/xc32/v4.30/bin/bin/../../lib/gcc/pic32c/8.3.1/../../../../pic32c/lib/thumb/v7e-m+fp/hard\libg-musl.a(__fmt_x.o)
 .debug_frame   0x00001260       0x28 d:/program files/microchip/xc32/v4.30/bin/bin/../../lib/gcc/pic32c/8.3.1/../../../../pic32c/lib/thumb/v7e-m+fp/hard\libg-musl.a(__pop_int.o)
 .debug_frame   0x00001288       0x28 d:/program files/microchip/xc32/v4.30/bin/bin/../../lib/gcc/pic32c/8.3.1/../../../../pic32c/lib/thumb/v7e-m+fp/hard\libg-musl.a(__pop_ptr.o)
 .debug_frame   0x000012b0       0xd0 d:/program files/microchip/xc32/v4.30/bin/bin/../../lib/gcc/pic32c/8.3.1/../../../../pic32c/lib/thumb/v7e-m+fp/hard\libg-musl.a(__printf_core.o)
 .debug_frame   0x00001380       0x28 d:/program files/microchip/xc32/v4.30/bin/bin/../../lib/gcc/pic32c/8.3.1/../../../../pic32c/lib/thumb/v7e-m+fp/hard\libg-musl.a(atoi.o)
 .debug_frame   0x000013a8       0x28 d:/program files/microchip/xc32/v4.30/bin/bin/../../lib/gcc/pic32c/8.3.1/../../../../pic32c/lib/thumb/v7e-m+fp/hard\libg-musl.a(memcpy.o)
 .debug_frame   0x000013d0       0x20 d:/program files/microchip/xc32/v4.30/bin/bin/../../lib/gcc/pic32c/8.3.1/../../../../pic32c/lib/thumb/v7e-m+fp/hard\libg-musl.a(memset.o)
 .debug_frame   0x000013f0       0x20 d:/program files/microchip/xc32/v4.30/bin/bin/../../lib/gcc/pic32c/8.3.1/../../../../pic32c/lib/thumb/v7e-m+fp/hard\libg-musl.a(strlen.o)
 .debug_frame   0x00001410       0x30 d:/program files/microchip/xc32/v4.30/bin/bin/../../lib/gcc/pic32c/8.3.1/../../../../pic32c/lib/thumb/v7e-m+fp/hard\libg-musl.a(tolower.o)
 .debug_frame   0x00001440       0x30 d:/program files/microchip/xc32/v4.30/bin/bin/../../lib/gcc/pic32c/8.3.1/../../../../pic32c/lib/thumb/v7e-m+fp/hard\libg-musl.a(toupper.o)
 .debug_frame   0x00001470       0x34 d:/program files/microchip/xc32/v4.30/bin/bin/../../lib/gcc/pic32c/8.3.1/../../../../pic32c/lib/thumb/v7e-m+fp/hard\libg-musl.a(__int_vsnprintf.o)
 .debug_frame   0x000014a4       0x38 d:/program files/microchip/xc32/v4.30/bin/bin/../../lib/gcc/pic32c/8.3.1/../../../../pic32c/lib/thumb/v7e-m+fp/hard\libg-musl.a(__cvt_u.o)
 .debug_frame   0x000014dc       0x20 d:/program files/microchip/xc32/v4.30/bin/bin/../../lib/gcc/pic32c/8.3.1/../../../../pic32c/lib/thumb/v7e-m+fp/hard\libg-musl.a(__pop_float.o)
 .debug_frame   0x000014fc       0x2c d:/program files/microchip/xc32/v4.30/bin/bin/../../lib/gcc/pic32c/8.3.1/../../../../pic32c/lib/thumb/v7e-m+fp/hard\libg-musl.a(__int_vfprintf.o)
 .debug_frame   0x00001528       0x2c d:/program files/microchip/xc32/v4.30/bin/bin/../../lib/gcc/pic32c/8.3.1/thumb/v7e-m+fp/hard\libgcc.a(_aeabi_uldivmod.o)
 .debug_frame   0x00001554       0x38 d:/program files/microchip/xc32/v4.30/bin/bin/../../lib/gcc/pic32c/8.3.1/thumb/v7e-m+fp/hard\libgcc.a(_udivmoddi4.o)
 .debug_frame   0x0000158c       0x20 d:/program files/microchip/xc32/v4.30/bin/bin/../../lib/gcc/pic32c/8.3.1/../../../../pic32c/lib/thumb/v7e-m+fp/hard\libpic32c.a(pic32_data_init_clear.o)
 .debug_frame   0x000015ac       0x2c d:/program files/microchip/xc32/v4.30/bin/bin/../../lib/gcc/pic32c/8.3.1/../../../../pic32c/lib/thumb/v7e-m+fp/hard\libpic32c.a(pic32_data_init_copy_emb.o)
 .debug_frame   0x000015d8       0x28 d:/program files/microchip/xc32/v4.30/bin/bin/../../lib/gcc/pic32c/8.3.1/../../../../pic32c/lib/thumb/v7e-m+fp/hard\libpic32c.a(pic32_data_init_copy.o)

.note.GNU-stack
                0x00000000        0x0
 .note.GNU-stack
                0x00000000        0x0 d:/program files/microchip/xc32/v4.30/bin/bin/../../lib/gcc/pic32c/8.3.1/../../../../pic32c/lib/thumb/v7e-m+fp/hard\libg-musl.a(__libc_start_main.o)
 .note.GNU-stack
                0x00000000        0x0 d:/program files/microchip/xc32/v4.30/bin/bin/../../lib/gcc/pic32c/8.3.1/../../../../pic32c/lib/thumb/v7e-m+fp/hard\libg-musl.a(libc.o)
 .note.GNU-stack
                0x00000000        0x0 d:/program files/microchip/xc32/v4.30/bin/bin/../../lib/gcc/pic32c/8.3.1/../../../../pic32c/lib/thumb/v7e-m+fp/hard\libg-musl.a(__sio_snprintf_cdnpsxX.o)
 .note.GNU-stack
                0x00000000        0x0 d:/program files/microchip/xc32/v4.30/bin/bin/../../lib/gcc/pic32c/8.3.1/../../../../pic32c/lib/thumb/v7e-m+fp/hard\libg-musl.a(__fmt_d.o)
 .note.GNU-stack
                0x00000000        0x0 d:/program files/microchip/xc32/v4.30/bin/bin/../../lib/gcc/pic32c/8.3.1/../../../../pic32c/lib/thumb/v7e-m+fp/hard\libg-musl.a(__fmt_s.o)
 .note.GNU-stack
                0x00000000        0x0 d:/program files/microchip/xc32/v4.30/bin/bin/../../lib/gcc/pic32c/8.3.1/../../../../pic32c/lib/thumb/v7e-m+fp/hard\libg-musl.a(__fmt_x.o)
 .note.GNU-stack
                0x00000000        0x0 d:/program files/microchip/xc32/v4.30/bin/bin/../../lib/gcc/pic32c/8.3.1/../../../../pic32c/lib/thumb/v7e-m+fp/hard\libg-musl.a(__pop_int.o)
 .note.GNU-stack
                0x00000000        0x0 d:/program files/microchip/xc32/v4.30/bin/bin/../../lib/gcc/pic32c/8.3.1/../../../../pic32c/lib/thumb/v7e-m+fp/hard\libg-musl.a(__pop_ptr.o)
 .note.GNU-stack
                0x00000000        0x0 d:/program files/microchip/xc32/v4.30/bin/bin/../../lib/gcc/pic32c/8.3.1/../../../../pic32c/lib/thumb/v7e-m+fp/hard\libg-musl.a(__printf_core.o)
 .note.GNU-stack
                0x00000000        0x0 d:/program files/microchip/xc32/v4.30/bin/bin/../../lib/gcc/pic32c/8.3.1/../../../../pic32c/lib/thumb/v7e-m+fp/hard\libg-musl.a(atoi.o)
 .note.GNU-stack
                0x00000000        0x0 d:/program files/microchip/xc32/v4.30/bin/bin/../../lib/gcc/pic32c/8.3.1/../../../../pic32c/lib/thumb/v7e-m+fp/hard\libg-musl.a(memcpy.o)
 .note.GNU-stack
                0x00000000        0x0 d:/program files/microchip/xc32/v4.30/bin/bin/../../lib/gcc/pic32c/8.3.1/../../../../pic32c/lib/thumb/v7e-m+fp/hard\libg-musl.a(memset.o)
 .note.GNU-stack
                0x00000000        0x0 d:/program files/microchip/xc32/v4.30/bin/bin/../../lib/gcc/pic32c/8.3.1/../../../../pic32c/lib/thumb/v7e-m+fp/hard\libg-musl.a(strlen.o)
 .note.GNU-stack
                0x00000000        0x0 d:/program files/microchip/xc32/v4.30/bin/bin/../../lib/gcc/pic32c/8.3.1/../../../../pic32c/lib/thumb/v7e-m+fp/hard\libg-musl.a(tolower.o)
 .note.GNU-stack
                0x00000000        0x0 d:/program files/microchip/xc32/v4.30/bin/bin/../../lib/gcc/pic32c/8.3.1/../../../../pic32c/lib/thumb/v7e-m+fp/hard\libg-musl.a(toupper.o)
 .note.GNU-stack
                0x00000000        0x0 d:/program files/microchip/xc32/v4.30/bin/bin/../../lib/gcc/pic32c/8.3.1/../../../../pic32c/lib/thumb/v7e-m+fp/hard\libg-musl.a(__environ.o)
 .note.GNU-stack
                0x00000000        0x0 d:/program files/microchip/xc32/v4.30/bin/bin/../../lib/gcc/pic32c/8.3.1/../../../../pic32c/lib/thumb/v7e-m+fp/hard\libg-musl.a(__errno_location.o)
 .note.GNU-stack
                0x00000000        0x0 d:/program files/microchip/xc32/v4.30/bin/bin/../../lib/gcc/pic32c/8.3.1/../../../../pic32c/lib/thumb/v7e-m+fp/hard\libg-musl.a(__int_vsnprintf.o)
 .note.GNU-stack
                0x00000000        0x0 d:/program files/microchip/xc32/v4.30/bin/bin/../../lib/gcc/pic32c/8.3.1/../../../../pic32c/lib/thumb/v7e-m+fp/hard\libg-musl.a(__cvt_u.o)
 .note.GNU-stack
                0x00000000        0x0 d:/program files/microchip/xc32/v4.30/bin/bin/../../lib/gcc/pic32c/8.3.1/../../../../pic32c/lib/thumb/v7e-m+fp/hard\libg-musl.a(__pop_float.o)
 .note.GNU-stack
                0x00000000        0x0 d:/program files/microchip/xc32/v4.30/bin/bin/../../lib/gcc/pic32c/8.3.1/../../../../pic32c/lib/thumb/v7e-m+fp/hard\libg-musl.a(__int_vfprintf.o)

.stack          0x20000800      0x100
 .stack         0x20000800      0x100 stack

.bss.uartTxBuffer%1
                0x20000010      0x3e8
 .bss.uartTxBuffer
                0x20000010      0x3e8 build/sam_e51_cnano/debug/_ext/1360937237/main.o

.bss.eicCallbackObject%2
                0x200003f8       0xc0
 .bss.eicCallbackObject
                0x200003f8       0xc0 build/sam_e51_cnano/debug/_ext/1220119669/plib_eic.o

.bss%3          0x200004b8       0x50
 .bss           0x200004b8       0x50 d:/program files/microchip/xc32/v4.30/bin/bin/../../lib/gcc/pic32c/8.3.1/../../../../pic32c/lib/thumb/v7e-m+fp/hard\libg-musl.a(libc.o)
                0x200004b8                __progname_full
                0x200004b8                program_invocation_name
                0x200004bc                program_invocation_short_name
                0x200004bc                __progname
                0x200004c0                __sysinfo
                0x200004c4                __hwcap
                0x200004c8                __libc

.bss%4          0x20000508       0x1c
 .bss           0x20000508       0x1c d:/program files/microchip/xc32/v4.30/bin/bin/../../lib/gcc/pic32c/8.3.1/thumb/v7e-m+fp/hard/crtbegin.o

.bss._write_back_section%5
                0x20000528       0x10
 .bss._write_back_section
                0x20000528       0x10 build/sam_e51_cnano/debug/_ext/831021835/plib_dmac.o

.bss.descriptor_section%6
                0x20000538       0x10
 .bss.descriptor_section
                0x20000538       0x10 build/sam_e51_cnano/debug/_ext/831021835/plib_dmac.o

.bss.rtcObj%7   0x20000548        0xc
 .bss.rtcObj    0x20000548        0xc build/sam_e51_cnano/debug/_ext/1220132503/plib_rtc_timer.o

.bss%8          0x20000524        0x4
 .bss           0x20000524        0x4 d:/program files/microchip/xc32/v4.30/bin/bin/../../lib/gcc/pic32c/8.3.1/../../../../pic32c/lib/thumb/v7e-m+fp/hard\libpic32c.a(data_init.o)

.bss%9          0x20000554        0x4
 .bss           0x20000554        0x4 d:/program files/microchip/xc32/v4.30/bin/bin/../../lib/gcc/pic32c/8.3.1/../../../../pic32c/lib/thumb/v7e-m+fp/hard\libg-musl.a(__environ.o)
                0x20000554                __environ
                0x20000554                environ
                0x20000554                ___environ
                0x20000554                _environ

.bss%10         0x20000558        0x4
 .bss           0x20000558        0x4 d:/program files/microchip/xc32/v4.30/bin/bin/../../lib/gcc/pic32c/8.3.1/../../../../pic32c/lib/thumb/v7e-m+fp/hard\libg-musl.a(__errno_location.o)
                0x20000558                __errno_val

.bss.isRTCExpired%11
                0x2000055c        0x1
 .bss.isRTCExpired
                0x2000055c        0x1 build/sam_e51_cnano/debug/_ext/1360937237/main.o

.data.tc%12     0x20000560       0x60
 .data.tc       0x20000560       0x60 build/sam_e51_cnano/debug/_ext/1360937237/main.o

.data%13        0x200005c0       0x18
 .data          0x200005c0       0x18 build/sam_e51_cnano/debug/_ext/1360937237/asmFunc.o
                0x200005c0                balance
                0x200005c4                transaction
                0x200005c8                eat_out
                0x200005cc                stay_in
                0x200005d0                eat_ice_cream
                0x200005d4                we_have_a_problem

.data.pass%14   0x200005d8        0x4
 .data.pass     0x200005d8        0x4 build/sam_e51_cnano/debug/_ext/1360937237/main.o

.data.fail%15   0x200005dc        0x4
 .data.fail     0x200005dc        0x4 build/sam_e51_cnano/debug/_ext/1360937237/main.o

.data.isUSARTTxComplete%16
                0x2000055d        0x1
 .data.isUSARTTxComplete
                0x2000055d        0x1 build/sam_e51_cnano/debug/_ext/1360937237/main.o

.data.firstTime.9035%17
                0x2000055e        0x1
 .data.firstTime.9035
                0x2000055e        0x1 build/sam_e51_cnano/debug/_ext/1360937237/main.o

.eh_frame%z1    0x00000000        0x0
 .eh_frame      0x00000000        0x0 d:/program files/microchip/xc32/v4.30/bin/bin/../../lib/gcc/pic32c/8.3.1/thumb/v7e-m+fp/hard/crtbegin.o

.config_00804008.__config_00804008%18
                0x00804008        0x4
 .config_00804008.__config_00804008
                0x00804008        0x4 build/sam_e51_cnano/debug/_ext/570918426/initialization.o
                0x00804008                __config_00804008

.config_00804004.__config_00804004%19
                0x00804004        0x4
 .config_00804004.__config_00804004
                0x00804004        0x4 build/sam_e51_cnano/debug/_ext/570918426/initialization.o
                0x00804004                __config_00804004

.config_00804000.__config_00804000%20
                0x00804000        0x4
 .config_00804000.__config_00804000
                0x00804000        0x4 build/sam_e51_cnano/debug/_ext/570918426/initialization.o
                0x00804000                __config_00804000

.rodata%21      0x00000288      0x488
 .rodata        0x00000288      0x488 build/sam_e51_cnano/debug/_ext/1360937237/main.o

.text.testResult%22
                0x00000710      0x38c
 .text.testResult
                0x00000710      0x38c build/sam_e51_cnano/debug/_ext/1360937237/main.o

.text.__printf_core%23
                0x00000a9c      0x308
 .text.__printf_core
                0x00000a9c      0x308 d:/program files/microchip/xc32/v4.30/bin/bin/../../lib/gcc/pic32c/8.3.1/../../../../pic32c/lib/thumb/v7e-m+fp/hard\libg-musl.a(__printf_core.o)
                0x00000a9c                __printf_core

.text%24        0x00000da4      0x2bc
 .text          0x00000da4      0x2bc d:/program files/microchip/xc32/v4.30/bin/bin/../../lib/gcc/pic32c/8.3.1/thumb/v7e-m+fp/hard\libgcc.a(_udivmoddi4.o)
                0x00000da4                __udivmoddi4

.dinit%25       0x00001060      0x130
 .dinit         0x00001060      0x130 data_init

.text.main%26   0x00001220      0x18c
 .text.main     0x00001220      0x18c build/sam_e51_cnano/debug/_ext/1360937237/main.o
                0x00001220                main

.text.DMAC_ChannelTransfer%27
                0x000013ac      0x158
 .text.DMAC_ChannelTransfer
                0x000013ac      0x158 build/sam_e51_cnano/debug/_ext/831021835/plib_dmac.o
                0x000013ac                DMAC_ChannelTransfer

.text.__fmt_x%28
                0x00001504      0x124
 .text.__fmt_x  0x00001504      0x124 d:/program files/microchip/xc32/v4.30/bin/bin/../../lib/gcc/pic32c/8.3.1/../../../../pic32c/lib/thumb/v7e-m+fp/hard\libg-musl.a(__fmt_x.o)
                0x00001504                __fmt_x_needed
                0x00001504                __fmt_x

.text.EIC_Initialize%29
                0x00001628      0x104
 .text.EIC_Initialize
                0x00001628      0x104 build/sam_e51_cnano/debug/_ext/1220119669/plib_eic.o
                0x00001628                EIC_Initialize

.text.__pop_int%30
                0x0000172c       0xac
 .text.__pop_int
                0x0000172c       0xac d:/program files/microchip/xc32/v4.30/bin/bin/../../lib/gcc/pic32c/8.3.1/../../../../pic32c/lib/thumb/v7e-m+fp/hard\libg-musl.a(__pop_int.o)
                0x0000172c                __pop_int_needed
                0x0000172c                __pop_int

.text%31        0x000017d8       0xa8
 .text          0x000017d8       0xa8 build/sam_e51_cnano/debug/_ext/1360937237/asmFunc.o
                0x000017d8                asmFunc

.text.__fmt_d%32
                0x00001880       0xa8
 .text.__fmt_d  0x00001880       0xa8 d:/program files/microchip/xc32/v4.30/bin/bin/../../lib/gcc/pic32c/8.3.1/../../../../pic32c/lib/thumb/v7e-m+fp/hard\libg-musl.a(__fmt_d.o)
                0x00001880                __fmt_d
                0x00001880                __fmt_d_needed

.text.DMAC_Initialize%33
                0x00001928       0xa0
 .text.DMAC_Initialize
                0x00001928       0xa0 build/sam_e51_cnano/debug/_ext/831021835/plib_dmac.o
                0x00001928                DMAC_Initialize

.text._DMAC_interruptHandler%34
                0x000019c8       0x9c
 .text._DMAC_interruptHandler
                0x000019c8       0x9c build/sam_e51_cnano/debug/_ext/831021835/plib_dmac.o
                0x000019c8                _DMAC_interruptHandler

.text.printGlobalAddresses%35
                0x00001a64       0x94
 .text.printGlobalAddresses
                0x00001a64       0x94 build/sam_e51_cnano/debug/_ext/1360937237/main.o

.text.__pad%36  0x00001af8       0x80
 .text.__pad    0x00001af8       0x80 d:/program files/microchip/xc32/v4.30/bin/bin/../../lib/gcc/pic32c/8.3.1/../../../../pic32c/lib/thumb/v7e-m+fp/hard\libg-musl.a(__printf_core.o)
                0x00001af8                __pad

.text.__pop_ptr%37
                0x00001b78       0x7c
 .text.__pop_ptr
                0x00001b78       0x7c d:/program files/microchip/xc32/v4.30/bin/bin/../../lib/gcc/pic32c/8.3.1/../../../../pic32c/lib/thumb/v7e-m+fp/hard\libg-musl.a(__pop_ptr.o)
                0x00001b78                __pop_ptr
                0x00001b78                __pop_ptr_needed

.text.__cvt_u%38
                0x00001bf4       0x78
 .text.__cvt_u  0x00001bf4       0x78 d:/program files/microchip/xc32/v4.30/bin/bin/../../lib/gcc/pic32c/8.3.1/../../../../pic32c/lib/thumb/v7e-m+fp/hard\libg-musl.a(__cvt_u.o)
                0x00001bf4                __cvt_u

.text.CLOCK_Initialize%39
                0x00001c6c       0x74
 .text.CLOCK_Initialize
                0x00001c6c       0x74 build/sam_e51_cnano/debug/_ext/7187140/plib_clock.o
                0x00001c6c                CLOCK_Initialize

.text.FDPLL0_Initialize%40
                0x00001ce0       0x6c
 .text.FDPLL0_Initialize
                0x00001ce0       0x6c build/sam_e51_cnano/debug/_ext/7187140/plib_clock.o

.text.RTC_Initialize%41
                0x00001d4c       0x60
 .text.RTC_Initialize
                0x00001d4c       0x60 build/sam_e51_cnano/debug/_ext/1220132503/plib_rtc_timer.o
                0x00001d4c                RTC_Initialize

.text.__libc_start_init%42
                0x00001dac       0x5c
 .text.__libc_start_init
                0x00001dac       0x5c d:/program files/microchip/xc32/v4.30/bin/bin/../../lib/gcc/pic32c/8.3.1/../../../../pic32c/lib/thumb/v7e-m+fp/hard\libg-musl.a(__libc_start_main.o)
                0x00001dac                __libc_init_array

.text.Reset_Handler%43
                0x00001e08       0x58
 .text.Reset_Handler
                0x00001e08       0x58 build/sam_e51_cnano/debug/_ext/570918426/startup_xc32.o
                0x00001e08                Reset_Handler

.text.__fmt_s%44
                0x00001e60       0x58
 .text.__fmt_s  0x00001e60       0x58 d:/program files/microchip/xc32/v4.30/bin/bin/../../lib/gcc/pic32c/8.3.1/../../../../pic32c/lib/thumb/v7e-m+fp/hard\libg-musl.a(__fmt_s.o)
                0x00001e60                __fmt_s
                0x00001e60                __fmt_0_needed
                0x00001e60                __fmt_s_needed

.text.__NVIC_SetPriority%45
                0x00001eb8       0x54
 .text.__NVIC_SetPriority
                0x00001eb8       0x54 build/sam_e51_cnano/debug/_ext/830715028/plib_nvic.o

.text.__vsnprintf%46
                0x00001f0c       0x50
 .text.__vsnprintf
                0x00001f0c       0x50 d:/program files/microchip/xc32/v4.30/bin/bin/../../lib/gcc/pic32c/8.3.1/../../../../pic32c/lib/thumb/v7e-m+fp/hard\libg-musl.a(__int_vsnprintf.o)
                0x00001f0c                __vsnprintf

.text.SERCOM5_USART_Initialize%47
                0x00001f5c       0x4c
 .text.SERCOM5_USART_Initialize
                0x00001f5c       0x4c build/sam_e51_cnano/debug/_ext/314480351/plib_sercom5_usart.o
                0x00001f5c                SERCOM5_USART_Initialize

.text.__pic32c_data_initialization%48
                0x00001fa8       0x4c
 .text.__pic32c_data_initialization
                0x00001fa8       0x4c d:/program files/microchip/xc32/v4.30/bin/bin/../../lib/gcc/pic32c/8.3.1/../../../../pic32c/lib/thumb/v7e-m+fp/hard\libpic32c.a(data_init.o)
                0x00001fa8                __pic32c_data_initialization

.text.__NVIC_SetPriorityGrouping%49
                0x00001ff4       0x48
 .text.__NVIC_SetPriorityGrouping
                0x00001ff4       0x48 build/sam_e51_cnano/debug/_ext/830715028/plib_nvic.o

.text.atoi%50   0x0000203c       0x46
 .text.atoi     0x0000203c       0x46 d:/program files/microchip/xc32/v4.30/bin/bin/../../lib/gcc/pic32c/8.3.1/../../../../pic32c/lib/thumb/v7e-m+fp/hard\libg-musl.a(atoi.o)
                0x0000203c                atoi

.text.GCLK0_Initialize%51
                0x00002084       0x44
 .text.GCLK0_Initialize
                0x00002084       0x44 build/sam_e51_cnano/debug/_ext/7187140/plib_clock.o

.text.PORT_Initialize%52
                0x000020c8       0x44
 .text.PORT_Initialize
                0x000020c8       0x44 build/sam_e51_cnano/debug/_ext/830661877/plib_port.o
                0x000020c8                PORT_Initialize

.text.FPU_Enable%53
                0x0000210c       0x44
 .text.FPU_Enable
                0x0000210c       0x44 build/sam_e51_cnano/debug/_ext/570918426/startup_xc32.o

.text%54        0x00002150       0x40
 .text          0x00002150       0x40 d:/program files/microchip/xc32/v4.30/bin/bin/../../lib/gcc/pic32c/8.3.1/thumb/v7e-m+fp/hard/crtbegin.o

.text.ICache_Enable%55
                0x00002190       0x40
 .text.ICache_Enable
                0x00002190       0x40 build/sam_e51_cnano/debug/_ext/570918426/startup_xc32.o

.text.NVIC_Initialize%56
                0x000021d0       0x3e
 .text.NVIC_Initialize
                0x000021d0       0x3e build/sam_e51_cnano/debug/_ext/830715028/plib_nvic.o
                0x000021d0                NVIC_Initialize

.text.DMAC_ChannelCallbackRegister%57
                0x00002210       0x3c
 .text.DMAC_ChannelCallbackRegister
                0x00002210       0x3c build/sam_e51_cnano/debug/_ext/831021835/plib_dmac.o
                0x00002210                DMAC_ChannelCallbackRegister

.text.__NVIC_EnableIRQ%58
                0x0000224c       0x3c
 .text.__NVIC_EnableIRQ
                0x0000224c       0x3c build/sam_e51_cnano/debug/_ext/830715028/plib_nvic.o

.text.RTC_InterruptHandler%59
                0x00002288       0x3c
 .text.RTC_InterruptHandler
                0x00002288       0x3c build/sam_e51_cnano/debug/_ext/1220132503/plib_rtc_timer.o
                0x00002288                RTC_InterruptHandler

.text.__fmt_state%60
                0x000022c4       0x38
 .text.__fmt_state
                0x000022c4       0x38 d:/program files/microchip/xc32/v4.30/bin/bin/../../lib/gcc/pic32c/8.3.1/../../../../pic32c/lib/thumb/v7e-m+fp/hard\libg-musl.a(__printf_core.o)
                0x000022c4                __fmt_state

.text.EIC_EXTINT_15_InterruptHandler%61
                0x000022fc       0x34
 .text.EIC_EXTINT_15_InterruptHandler
                0x000022fc       0x34 build/sam_e51_cnano/debug/_ext/1220119669/plib_eic.o
                0x000022fc                EIC_EXTINT_15_InterruptHandler

.text.SYS_Initialize%62
                0x00002330       0x34
 .text.SYS_Initialize
                0x00002330       0x34 build/sam_e51_cnano/debug/_ext/570918426/initialization.o
                0x00002330                SYS_Initialize

.text.RTC_Timer32Start%63
                0x00002364       0x30
 .text.RTC_Timer32Start
                0x00002364       0x30 build/sam_e51_cnano/debug/_ext/1220132503/plib_rtc_timer.o
                0x00002364                RTC_Timer32Start

.text%64        0x00002394       0x30
 .text          0x00002394       0x30 d:/program files/microchip/xc32/v4.30/bin/bin/../../lib/gcc/pic32c/8.3.1/thumb/v7e-m+fp/hard\libgcc.a(_aeabi_uldivmod.o)
                0x00002394                __aeabi_uldivmod

.text.GCLK1_Initialize%65
                0x000023c4       0x2c
 .text.GCLK1_Initialize
                0x000023c4       0x2c build/sam_e51_cnano/debug/_ext/7187140/plib_clock.o

.text.GCLK2_Initialize%66
                0x000023f0       0x2c
 .text.GCLK2_Initialize
                0x000023f0       0x2c build/sam_e51_cnano/debug/_ext/7187140/plib_clock.o

.text.RTC_Timer32CounterSet%67
                0x0000241c       0x2c
 .text.RTC_Timer32CounterSet
                0x0000241c       0x2c build/sam_e51_cnano/debug/_ext/1220132503/plib_rtc_timer.o
                0x0000241c                RTC_Timer32CounterSet

.text.RTC_Timer32Compare0Set%68
                0x00002448       0x2c
 .text.RTC_Timer32Compare0Set
                0x00002448       0x2c build/sam_e51_cnano/debug/_ext/1220132503/plib_rtc_timer.o
                0x00002448                RTC_Timer32Compare0Set

.text.rtcEventHandler%69
                0x00002474       0x2c
 .text.rtcEventHandler
                0x00002474       0x2c build/sam_e51_cnano/debug/_ext/1360937237/main.o

.text.__pop_float%70
                0x000024a0       0x2a
 .text.__pop_float
                0x000024a0       0x2a d:/program files/microchip/xc32/v4.30/bin/bin/../../lib/gcc/pic32c/8.3.1/../../../../pic32c/lib/thumb/v7e-m+fp/hard\libg-musl.a(__pop_float.o)
                0x000024a0                __pop_float_needed
                0x000024a0                __pop_float

.text.RTC_Timer32CallbackRegister%71
                0x000024cc       0x28
 .text.RTC_Timer32CallbackRegister
                0x000024cc       0x28 build/sam_e51_cnano/debug/_ext/1220132503/plib_rtc_timer.o
                0x000024cc                RTC_Timer32CallbackRegister

.text.usartDmaChannelHandler%72
                0x000024f4       0x28
 .text.usartDmaChannelHandler
                0x000024f4       0x28 build/sam_e51_cnano/debug/_ext/1360937237/main.o

.text.__string_out%73
                0x0000251c       0x26
 .text.__string_out
                0x0000251c       0x26 d:/program files/microchip/xc32/v4.30/bin/bin/../../lib/gcc/pic32c/8.3.1/../../../../pic32c/lib/thumb/v7e-m+fp/hard\libg-musl.a(__printf_core.o)
                0x0000251c                __out

.text.TCM_Configure%74
                0x00002544       0x24
 .text.TCM_Configure
                0x00002544       0x24 build/sam_e51_cnano/debug/_ext/570918426/startup_xc32.o

.rodata%75      0x00002568       0x1e
 .rodata        0x00002568       0x1e d:/program files/microchip/xc32/v4.30/bin/bin/../../lib/gcc/pic32c/8.3.1/../../../../pic32c/lib/thumb/v7e-m+fp/hard\libg-musl.a(__printf_core.o)

.text.__dinit_copy_emb%76
                0x00002586       0x1e
 .text.__dinit_copy_emb
                0x00002586       0x1e d:/program files/microchip/xc32/v4.30/bin/bin/../../lib/gcc/pic32c/8.3.1/../../../../pic32c/lib/thumb/v7e-m+fp/hard\libpic32c.a(pic32_data_init_copy_emb.o)
                0x00002586                __dinit_copy_emb
                0x00002586                __dinit_copy_emb_needed

.text.__dinit_copy%77
                0x000025a4       0x1e
 .text.__dinit_copy
                0x000025a4       0x1e d:/program files/microchip/xc32/v4.30/bin/bin/../../lib/gcc/pic32c/8.3.1/../../../../pic32c/lib/thumb/v7e-m+fp/hard\libpic32c.a(pic32_data_init_copy.o)
                0x000025a4                __dinit_copy_needed
                0x000025a4                __dinit_copy

.text.NVMCTRL_Initialize%78
                0x000025c4       0x1c
 .text.NVMCTRL_Initialize
                0x000025c4       0x1c build/sam_e51_cnano/debug/_ext/226030394/plib_nvmctrl.o
                0x000025c4                NVMCTRL_Initialize

.text.__vfprintf%79
                0x000025e0       0x1c
 .text.__vfprintf
                0x000025e0       0x1c d:/program files/microchip/xc32/v4.30/bin/bin/../../lib/gcc/pic32c/8.3.1/../../../../pic32c/lib/thumb/v7e-m+fp/hard\libg-musl.a(__int_vfprintf.o)
                0x000025e0                __vfprintf

.text.__wrap_snprintf%80
                0x000025fc       0x1a
 .text.__wrap_snprintf
                0x000025fc       0x1a d:/program files/microchip/xc32/v4.30/bin/bin/../../lib/gcc/pic32c/8.3.1/../../../../pic32c/lib/thumb/v7e-m+fp/hard\libg-musl.a(__sio_snprintf_cdnpsxX.o)
                0x000025fc                _dsnprintf_cdnpsxX
                0x000025fc                _snprintf_cdnpsxX
